
===========================================================================
report_checks -path_delay max (Setup)
============================================================================
Startpoint: _36105_ (rising edge-triggered flip-flop clocked by wb_clk_i)
Endpoint: la_data_out[110] (output port clocked by wb_clk_i)
Path Group: wb_clk_i
Path Type: max

Fanout     Cap    Slew   Delay    Time   Description
-----------------------------------------------------------------------------
                          0.00    0.00   clock wb_clk_i (rise edge)
                          0.00    0.00   clock source latency
                  0.07    0.05    0.05 ^ wb_clk_i (in)
     1    0.01                           wb_clk_i (net)
                  0.07    0.00    0.05 ^ clkbuf_0_wb_clk_i/A (sky130_fd_sc_hd__clkbuf_16)
                  0.03    0.13    0.18 ^ clkbuf_0_wb_clk_i/X (sky130_fd_sc_hd__clkbuf_16)
     2    0.00                           clknet_0_wb_clk_i (net)
                  0.03    0.00    0.18 ^ clkbuf_1_1_0_wb_clk_i/A (sky130_fd_sc_hd__clkbuf_2)
                  0.03    0.09    0.27 ^ clkbuf_1_1_0_wb_clk_i/X (sky130_fd_sc_hd__clkbuf_2)
     1    0.00                           clknet_1_1_0_wb_clk_i (net)
                  0.03    0.00    0.27 ^ clkbuf_1_1_1_wb_clk_i/A (sky130_fd_sc_hd__clkbuf_2)
                  0.04    0.10    0.37 ^ clkbuf_1_1_1_wb_clk_i/X (sky130_fd_sc_hd__clkbuf_2)
     2    0.00                           clknet_1_1_1_wb_clk_i (net)
                  0.04    0.00    0.37 ^ clkbuf_2_2_0_wb_clk_i/A (sky130_fd_sc_hd__clkbuf_2)
                  0.03    0.09    0.47 ^ clkbuf_2_2_0_wb_clk_i/X (sky130_fd_sc_hd__clkbuf_2)
     1    0.00                           clknet_2_2_0_wb_clk_i (net)
                  0.03    0.00    0.47 ^ clkbuf_2_2_1_wb_clk_i/A (sky130_fd_sc_hd__clkbuf_2)
                  0.04    0.10    0.57 ^ clkbuf_2_2_1_wb_clk_i/X (sky130_fd_sc_hd__clkbuf_2)
     2    0.00                           clknet_2_2_1_wb_clk_i (net)
                  0.04    0.00    0.57 ^ clkbuf_3_4_0_wb_clk_i/A (sky130_fd_sc_hd__clkbuf_2)
                  0.04    0.10    0.67 ^ clkbuf_3_4_0_wb_clk_i/X (sky130_fd_sc_hd__clkbuf_2)
     2    0.00                           clknet_3_4_0_wb_clk_i (net)
                  0.04    0.00    0.67 ^ clkbuf_4_8_0_wb_clk_i/A (sky130_fd_sc_hd__clkbuf_2)
                  0.04    0.10    0.78 ^ clkbuf_4_8_0_wb_clk_i/X (sky130_fd_sc_hd__clkbuf_2)
     2    0.00                           clknet_4_8_0_wb_clk_i (net)
                  0.04    0.00    0.78 ^ clkbuf_5_16_0_wb_clk_i/A (sky130_fd_sc_hd__clkbuf_2)
                  0.43    0.40    1.18 ^ clkbuf_5_16_0_wb_clk_i/X (sky130_fd_sc_hd__clkbuf_2)
    10    0.08                           clknet_5_16_0_wb_clk_i (net)
                  0.43    0.00    1.18 ^ clkbuf_leaf_224_wb_clk_i/A (sky130_fd_sc_hd__clkbuf_16)
                  0.05    0.25    1.43 ^ clkbuf_leaf_224_wb_clk_i/X (sky130_fd_sc_hd__clkbuf_16)
    10    0.02                           clknet_leaf_224_wb_clk_i (net)
                  0.05    0.00    1.43 ^ _36105_/CLK (sky130_fd_sc_hd__dfxtp_4)
                  0.81    0.98    2.41 ^ _36105_/Q (sky130_fd_sc_hd__dfxtp_4)
    58    0.29                           dtop.u1.genblk1[7].krd.o_encrypt (net)
                  0.81    0.00    2.41 ^ _34241_/S (sky130_fd_sc_hd__mux2_8)
                  0.06    0.49    2.90 v _34241_/X (sky130_fd_sc_hd__mux2_8)
     4    0.01                           net81 (net)
                  0.06    0.00    2.90 v output81/A (sky130_fd_sc_hd__buf_2)
                  0.09    0.20    3.10 v output81/X (sky130_fd_sc_hd__buf_2)
     1    0.03                           la_data_out[110] (net)
                  0.09    0.00    3.10 v la_data_out[110] (out)
                                  3.10   data arrival time

                         20.00   20.00   clock wb_clk_i (rise edge)
                          0.00   20.00   clock network delay (propagated)
                         -0.25   19.75   clock uncertainty
                          0.00   19.75   clock reconvergence pessimism
                         -4.00   15.75   output external delay
                                 15.75   data required time
-----------------------------------------------------------------------------
                                 15.75   data required time
                                 -3.10   data arrival time
-----------------------------------------------------------------------------
                                 12.65   slack (MET)


Startpoint: _36105_ (rising edge-triggered flip-flop clocked by wb_clk_i)
Endpoint: la_data_out[111] (output port clocked by wb_clk_i)
Path Group: wb_clk_i
Path Type: max

Fanout     Cap    Slew   Delay    Time   Description
-----------------------------------------------------------------------------
                          0.00    0.00   clock wb_clk_i (rise edge)
                          0.00    0.00   clock source latency
                  0.07    0.05    0.05 ^ wb_clk_i (in)
     1    0.01                           wb_clk_i (net)
                  0.07    0.00    0.05 ^ clkbuf_0_wb_clk_i/A (sky130_fd_sc_hd__clkbuf_16)
                  0.03    0.13    0.18 ^ clkbuf_0_wb_clk_i/X (sky130_fd_sc_hd__clkbuf_16)
     2    0.00                           clknet_0_wb_clk_i (net)
                  0.03    0.00    0.18 ^ clkbuf_1_1_0_wb_clk_i/A (sky130_fd_sc_hd__clkbuf_2)
                  0.03    0.09    0.27 ^ clkbuf_1_1_0_wb_clk_i/X (sky130_fd_sc_hd__clkbuf_2)
     1    0.00                           clknet_1_1_0_wb_clk_i (net)
                  0.03    0.00    0.27 ^ clkbuf_1_1_1_wb_clk_i/A (sky130_fd_sc_hd__clkbuf_2)
                  0.04    0.10    0.37 ^ clkbuf_1_1_1_wb_clk_i/X (sky130_fd_sc_hd__clkbuf_2)
     2    0.00                           clknet_1_1_1_wb_clk_i (net)
                  0.04    0.00    0.37 ^ clkbuf_2_2_0_wb_clk_i/A (sky130_fd_sc_hd__clkbuf_2)
                  0.03    0.09    0.47 ^ clkbuf_2_2_0_wb_clk_i/X (sky130_fd_sc_hd__clkbuf_2)
     1    0.00                           clknet_2_2_0_wb_clk_i (net)
                  0.03    0.00    0.47 ^ clkbuf_2_2_1_wb_clk_i/A (sky130_fd_sc_hd__clkbuf_2)
                  0.04    0.10    0.57 ^ clkbuf_2_2_1_wb_clk_i/X (sky130_fd_sc_hd__clkbuf_2)
     2    0.00                           clknet_2_2_1_wb_clk_i (net)
                  0.04    0.00    0.57 ^ clkbuf_3_4_0_wb_clk_i/A (sky130_fd_sc_hd__clkbuf_2)
                  0.04    0.10    0.67 ^ clkbuf_3_4_0_wb_clk_i/X (sky130_fd_sc_hd__clkbuf_2)
     2    0.00                           clknet_3_4_0_wb_clk_i (net)
                  0.04    0.00    0.67 ^ clkbuf_4_8_0_wb_clk_i/A (sky130_fd_sc_hd__clkbuf_2)
                  0.04    0.10    0.78 ^ clkbuf_4_8_0_wb_clk_i/X (sky130_fd_sc_hd__clkbuf_2)
     2    0.00                           clknet_4_8_0_wb_clk_i (net)
                  0.04    0.00    0.78 ^ clkbuf_5_16_0_wb_clk_i/A (sky130_fd_sc_hd__clkbuf_2)
                  0.43    0.40    1.18 ^ clkbuf_5_16_0_wb_clk_i/X (sky130_fd_sc_hd__clkbuf_2)
    10    0.08                           clknet_5_16_0_wb_clk_i (net)
                  0.43    0.00    1.18 ^ clkbuf_leaf_224_wb_clk_i/A (sky130_fd_sc_hd__clkbuf_16)
                  0.05    0.25    1.43 ^ clkbuf_leaf_224_wb_clk_i/X (sky130_fd_sc_hd__clkbuf_16)
    10    0.02                           clknet_leaf_224_wb_clk_i (net)
                  0.05    0.00    1.43 ^ _36105_/CLK (sky130_fd_sc_hd__dfxtp_4)
                  0.81    0.98    2.41 ^ _36105_/Q (sky130_fd_sc_hd__dfxtp_4)
    58    0.29                           dtop.u1.genblk1[7].krd.o_encrypt (net)
                  0.81    0.00    2.41 ^ _34242_/S (sky130_fd_sc_hd__mux2_8)
                  0.06    0.49    2.90 v _34242_/X (sky130_fd_sc_hd__mux2_8)
     4    0.01                           net82 (net)
                  0.06    0.00    2.90 v output82/A (sky130_fd_sc_hd__buf_2)
                  0.09    0.20    3.10 v output82/X (sky130_fd_sc_hd__buf_2)
     1    0.03                           la_data_out[111] (net)
                  0.09    0.00    3.10 v la_data_out[111] (out)
                                  3.10   data arrival time

                         20.00   20.00   clock wb_clk_i (rise edge)
                          0.00   20.00   clock network delay (propagated)
                         -0.25   19.75   clock uncertainty
                          0.00   19.75   clock reconvergence pessimism
                         -4.00   15.75   output external delay
                                 15.75   data required time
-----------------------------------------------------------------------------
                                 15.75   data required time
                                 -3.10   data arrival time
-----------------------------------------------------------------------------
                                 12.65   slack (MET)


Startpoint: _36105_ (rising edge-triggered flip-flop clocked by wb_clk_i)
Endpoint: la_data_out[85] (output port clocked by wb_clk_i)
Path Group: wb_clk_i
Path Type: max

Fanout     Cap    Slew   Delay    Time   Description
-----------------------------------------------------------------------------
                          0.00    0.00   clock wb_clk_i (rise edge)
                          0.00    0.00   clock source latency
                  0.07    0.05    0.05 ^ wb_clk_i (in)
     1    0.01                           wb_clk_i (net)
                  0.07    0.00    0.05 ^ clkbuf_0_wb_clk_i/A (sky130_fd_sc_hd__clkbuf_16)
                  0.03    0.13    0.18 ^ clkbuf_0_wb_clk_i/X (sky130_fd_sc_hd__clkbuf_16)
     2    0.00                           clknet_0_wb_clk_i (net)
                  0.03    0.00    0.18 ^ clkbuf_1_1_0_wb_clk_i/A (sky130_fd_sc_hd__clkbuf_2)
                  0.03    0.09    0.27 ^ clkbuf_1_1_0_wb_clk_i/X (sky130_fd_sc_hd__clkbuf_2)
     1    0.00                           clknet_1_1_0_wb_clk_i (net)
                  0.03    0.00    0.27 ^ clkbuf_1_1_1_wb_clk_i/A (sky130_fd_sc_hd__clkbuf_2)
                  0.04    0.10    0.37 ^ clkbuf_1_1_1_wb_clk_i/X (sky130_fd_sc_hd__clkbuf_2)
     2    0.00                           clknet_1_1_1_wb_clk_i (net)
                  0.04    0.00    0.37 ^ clkbuf_2_2_0_wb_clk_i/A (sky130_fd_sc_hd__clkbuf_2)
                  0.03    0.09    0.47 ^ clkbuf_2_2_0_wb_clk_i/X (sky130_fd_sc_hd__clkbuf_2)
     1    0.00                           clknet_2_2_0_wb_clk_i (net)
                  0.03    0.00    0.47 ^ clkbuf_2_2_1_wb_clk_i/A (sky130_fd_sc_hd__clkbuf_2)
                  0.04    0.10    0.57 ^ clkbuf_2_2_1_wb_clk_i/X (sky130_fd_sc_hd__clkbuf_2)
     2    0.00                           clknet_2_2_1_wb_clk_i (net)
                  0.04    0.00    0.57 ^ clkbuf_3_4_0_wb_clk_i/A (sky130_fd_sc_hd__clkbuf_2)
                  0.04    0.10    0.67 ^ clkbuf_3_4_0_wb_clk_i/X (sky130_fd_sc_hd__clkbuf_2)
     2    0.00                           clknet_3_4_0_wb_clk_i (net)
                  0.04    0.00    0.67 ^ clkbuf_4_8_0_wb_clk_i/A (sky130_fd_sc_hd__clkbuf_2)
                  0.04    0.10    0.78 ^ clkbuf_4_8_0_wb_clk_i/X (sky130_fd_sc_hd__clkbuf_2)
     2    0.00                           clknet_4_8_0_wb_clk_i (net)
                  0.04    0.00    0.78 ^ clkbuf_5_16_0_wb_clk_i/A (sky130_fd_sc_hd__clkbuf_2)
                  0.43    0.40    1.18 ^ clkbuf_5_16_0_wb_clk_i/X (sky130_fd_sc_hd__clkbuf_2)
    10    0.08                           clknet_5_16_0_wb_clk_i (net)
                  0.43    0.00    1.18 ^ clkbuf_leaf_224_wb_clk_i/A (sky130_fd_sc_hd__clkbuf_16)
                  0.05    0.25    1.43 ^ clkbuf_leaf_224_wb_clk_i/X (sky130_fd_sc_hd__clkbuf_16)
    10    0.02                           clknet_leaf_224_wb_clk_i (net)
                  0.05    0.00    1.43 ^ _36105_/CLK (sky130_fd_sc_hd__dfxtp_4)
                  0.81    0.98    2.41 ^ _36105_/Q (sky130_fd_sc_hd__dfxtp_4)
    58    0.29                           dtop.u1.genblk1[7].krd.o_encrypt (net)
                  0.81    0.00    2.41 ^ _34216_/S (sky130_fd_sc_hd__mux2_8)
                  0.06    0.49    2.90 v _34216_/X (sky130_fd_sc_hd__mux2_8)
     4    0.01                           net164 (net)
                  0.06    0.00    2.90 v output164/A (sky130_fd_sc_hd__buf_2)
                  0.09    0.20    3.10 v output164/X (sky130_fd_sc_hd__buf_2)
     1    0.03                           la_data_out[85] (net)
                  0.09    0.00    3.10 v la_data_out[85] (out)
                                  3.10   data arrival time

                         20.00   20.00   clock wb_clk_i (rise edge)
                          0.00   20.00   clock network delay (propagated)
                         -0.25   19.75   clock uncertainty
                          0.00   19.75   clock reconvergence pessimism
                         -4.00   15.75   output external delay
                                 15.75   data required time
-----------------------------------------------------------------------------
                                 15.75   data required time
                                 -3.10   data arrival time
-----------------------------------------------------------------------------
                                 12.65   slack (MET)


Startpoint: _36105_ (rising edge-triggered flip-flop clocked by wb_clk_i)
Endpoint: la_data_out[73] (output port clocked by wb_clk_i)
Path Group: wb_clk_i
Path Type: max

Fanout     Cap    Slew   Delay    Time   Description
-----------------------------------------------------------------------------
                          0.00    0.00   clock wb_clk_i (rise edge)
                          0.00    0.00   clock source latency
                  0.07    0.05    0.05 ^ wb_clk_i (in)
     1    0.01                           wb_clk_i (net)
                  0.07    0.00    0.05 ^ clkbuf_0_wb_clk_i/A (sky130_fd_sc_hd__clkbuf_16)
                  0.03    0.13    0.18 ^ clkbuf_0_wb_clk_i/X (sky130_fd_sc_hd__clkbuf_16)
     2    0.00                           clknet_0_wb_clk_i (net)
                  0.03    0.00    0.18 ^ clkbuf_1_1_0_wb_clk_i/A (sky130_fd_sc_hd__clkbuf_2)
                  0.03    0.09    0.27 ^ clkbuf_1_1_0_wb_clk_i/X (sky130_fd_sc_hd__clkbuf_2)
     1    0.00                           clknet_1_1_0_wb_clk_i (net)
                  0.03    0.00    0.27 ^ clkbuf_1_1_1_wb_clk_i/A (sky130_fd_sc_hd__clkbuf_2)
                  0.04    0.10    0.37 ^ clkbuf_1_1_1_wb_clk_i/X (sky130_fd_sc_hd__clkbuf_2)
     2    0.00                           clknet_1_1_1_wb_clk_i (net)
                  0.04    0.00    0.37 ^ clkbuf_2_2_0_wb_clk_i/A (sky130_fd_sc_hd__clkbuf_2)
                  0.03    0.09    0.47 ^ clkbuf_2_2_0_wb_clk_i/X (sky130_fd_sc_hd__clkbuf_2)
     1    0.00                           clknet_2_2_0_wb_clk_i (net)
                  0.03    0.00    0.47 ^ clkbuf_2_2_1_wb_clk_i/A (sky130_fd_sc_hd__clkbuf_2)
                  0.04    0.10    0.57 ^ clkbuf_2_2_1_wb_clk_i/X (sky130_fd_sc_hd__clkbuf_2)
     2    0.00                           clknet_2_2_1_wb_clk_i (net)
                  0.04    0.00    0.57 ^ clkbuf_3_4_0_wb_clk_i/A (sky130_fd_sc_hd__clkbuf_2)
                  0.04    0.10    0.67 ^ clkbuf_3_4_0_wb_clk_i/X (sky130_fd_sc_hd__clkbuf_2)
     2    0.00                           clknet_3_4_0_wb_clk_i (net)
                  0.04    0.00    0.67 ^ clkbuf_4_8_0_wb_clk_i/A (sky130_fd_sc_hd__clkbuf_2)
                  0.04    0.10    0.78 ^ clkbuf_4_8_0_wb_clk_i/X (sky130_fd_sc_hd__clkbuf_2)
     2    0.00                           clknet_4_8_0_wb_clk_i (net)
                  0.04    0.00    0.78 ^ clkbuf_5_16_0_wb_clk_i/A (sky130_fd_sc_hd__clkbuf_2)
                  0.43    0.40    1.18 ^ clkbuf_5_16_0_wb_clk_i/X (sky130_fd_sc_hd__clkbuf_2)
    10    0.08                           clknet_5_16_0_wb_clk_i (net)
                  0.43    0.00    1.18 ^ clkbuf_leaf_224_wb_clk_i/A (sky130_fd_sc_hd__clkbuf_16)
                  0.05    0.25    1.43 ^ clkbuf_leaf_224_wb_clk_i/X (sky130_fd_sc_hd__clkbuf_16)
    10    0.02                           clknet_leaf_224_wb_clk_i (net)
                  0.05    0.00    1.43 ^ _36105_/CLK (sky130_fd_sc_hd__dfxtp_4)
                  0.81    0.98    2.41 ^ _36105_/Q (sky130_fd_sc_hd__dfxtp_4)
    58    0.29                           dtop.u1.genblk1[7].krd.o_encrypt (net)
                  0.81    0.00    2.41 ^ _34204_/S (sky130_fd_sc_hd__mux2_2)
                  0.06    0.47    2.88 v _34204_/X (sky130_fd_sc_hd__mux2_2)
     4    0.01                           net151 (net)
                  0.06    0.00    2.88 v output151/A (sky130_fd_sc_hd__buf_2)
                  0.09    0.20    3.09 v output151/X (sky130_fd_sc_hd__buf_2)
     1    0.03                           la_data_out[73] (net)
                  0.09    0.00    3.09 v la_data_out[73] (out)
                                  3.09   data arrival time

                         20.00   20.00   clock wb_clk_i (rise edge)
                          0.00   20.00   clock network delay (propagated)
                         -0.25   19.75   clock uncertainty
                          0.00   19.75   clock reconvergence pessimism
                         -4.00   15.75   output external delay
                                 15.75   data required time
-----------------------------------------------------------------------------
                                 15.75   data required time
                                 -3.09   data arrival time
-----------------------------------------------------------------------------
                                 12.66   slack (MET)


Startpoint: _36105_ (rising edge-triggered flip-flop clocked by wb_clk_i)
Endpoint: la_data_out[88] (output port clocked by wb_clk_i)
Path Group: wb_clk_i
Path Type: max

Fanout     Cap    Slew   Delay    Time   Description
-----------------------------------------------------------------------------
                          0.00    0.00   clock wb_clk_i (rise edge)
                          0.00    0.00   clock source latency
                  0.07    0.05    0.05 ^ wb_clk_i (in)
     1    0.01                           wb_clk_i (net)
                  0.07    0.00    0.05 ^ clkbuf_0_wb_clk_i/A (sky130_fd_sc_hd__clkbuf_16)
                  0.03    0.13    0.18 ^ clkbuf_0_wb_clk_i/X (sky130_fd_sc_hd__clkbuf_16)
     2    0.00                           clknet_0_wb_clk_i (net)
                  0.03    0.00    0.18 ^ clkbuf_1_1_0_wb_clk_i/A (sky130_fd_sc_hd__clkbuf_2)
                  0.03    0.09    0.27 ^ clkbuf_1_1_0_wb_clk_i/X (sky130_fd_sc_hd__clkbuf_2)
     1    0.00                           clknet_1_1_0_wb_clk_i (net)
                  0.03    0.00    0.27 ^ clkbuf_1_1_1_wb_clk_i/A (sky130_fd_sc_hd__clkbuf_2)
                  0.04    0.10    0.37 ^ clkbuf_1_1_1_wb_clk_i/X (sky130_fd_sc_hd__clkbuf_2)
     2    0.00                           clknet_1_1_1_wb_clk_i (net)
                  0.04    0.00    0.37 ^ clkbuf_2_2_0_wb_clk_i/A (sky130_fd_sc_hd__clkbuf_2)
                  0.03    0.09    0.47 ^ clkbuf_2_2_0_wb_clk_i/X (sky130_fd_sc_hd__clkbuf_2)
     1    0.00                           clknet_2_2_0_wb_clk_i (net)
                  0.03    0.00    0.47 ^ clkbuf_2_2_1_wb_clk_i/A (sky130_fd_sc_hd__clkbuf_2)
                  0.04    0.10    0.57 ^ clkbuf_2_2_1_wb_clk_i/X (sky130_fd_sc_hd__clkbuf_2)
     2    0.00                           clknet_2_2_1_wb_clk_i (net)
                  0.04    0.00    0.57 ^ clkbuf_3_4_0_wb_clk_i/A (sky130_fd_sc_hd__clkbuf_2)
                  0.04    0.10    0.67 ^ clkbuf_3_4_0_wb_clk_i/X (sky130_fd_sc_hd__clkbuf_2)
     2    0.00                           clknet_3_4_0_wb_clk_i (net)
                  0.04    0.00    0.67 ^ clkbuf_4_8_0_wb_clk_i/A (sky130_fd_sc_hd__clkbuf_2)
                  0.04    0.10    0.78 ^ clkbuf_4_8_0_wb_clk_i/X (sky130_fd_sc_hd__clkbuf_2)
     2    0.00                           clknet_4_8_0_wb_clk_i (net)
                  0.04    0.00    0.78 ^ clkbuf_5_16_0_wb_clk_i/A (sky130_fd_sc_hd__clkbuf_2)
                  0.43    0.40    1.18 ^ clkbuf_5_16_0_wb_clk_i/X (sky130_fd_sc_hd__clkbuf_2)
    10    0.08                           clknet_5_16_0_wb_clk_i (net)
                  0.43    0.00    1.18 ^ clkbuf_leaf_224_wb_clk_i/A (sky130_fd_sc_hd__clkbuf_16)
                  0.05    0.25    1.43 ^ clkbuf_leaf_224_wb_clk_i/X (sky130_fd_sc_hd__clkbuf_16)
    10    0.02                           clknet_leaf_224_wb_clk_i (net)
                  0.05    0.00    1.43 ^ _36105_/CLK (sky130_fd_sc_hd__dfxtp_4)
                  0.81    0.98    2.41 ^ _36105_/Q (sky130_fd_sc_hd__dfxtp_4)
    58    0.29                           dtop.u1.genblk1[7].krd.o_encrypt (net)
                  0.81    0.00    2.41 ^ _34219_/S (sky130_fd_sc_hd__mux2_2)
                  0.06    0.47    2.88 v _34219_/X (sky130_fd_sc_hd__mux2_2)
     4    0.01                           net167 (net)
                  0.06    0.00    2.88 v output167/A (sky130_fd_sc_hd__buf_2)
                  0.09    0.20    3.09 v output167/X (sky130_fd_sc_hd__buf_2)
     1    0.03                           la_data_out[88] (net)
                  0.09    0.00    3.09 v la_data_out[88] (out)
                                  3.09   data arrival time

                         20.00   20.00   clock wb_clk_i (rise edge)
                          0.00   20.00   clock network delay (propagated)
                         -0.25   19.75   clock uncertainty
                          0.00   19.75   clock reconvergence pessimism
                         -4.00   15.75   output external delay
                                 15.75   data required time
-----------------------------------------------------------------------------
                                 15.75   data required time
                                 -3.09   data arrival time
-----------------------------------------------------------------------------
                                 12.66   slack (MET)


