Startpoint: _37058_ (rising edge-triggered flip-flop clocked by wb_clk_i)
Endpoint: _37090_ (rising edge-triggered flip-flop clocked by wb_clk_i)
Path Group: wb_clk_i
Path Type: min

Fanout     Cap    Slew   Delay    Time   Description
-----------------------------------------------------------------------------
                          0.00    0.00   clock wb_clk_i (rise edge)
                          2.36    2.36   clock network delay (propagated)
                  0.06    0.00    2.36 ^ _37058_/CLK (sky130_fd_sc_hd__dfxtp_1)
                  0.03    0.26    2.62 v _37058_/Q (sky130_fd_sc_hd__dfxtp_1)
     1    0.00                           dtop.u1.genblk1[4].rd.o_ciphertext[54] (net)
                  0.03    0.00    2.62 v hold9/A (sky130_fd_sc_hd__clkdlybuf4s50_1)
                  0.13    0.44    3.06 v hold9/X (sky130_fd_sc_hd__clkdlybuf4s50_1)
     2    0.01                           net223 (net)
                  0.13    0.00    3.06 v _19035_/A (sky130_fd_sc_hd__nand2_1)
                  0.06    0.09    3.15 ^ _19035_/Y (sky130_fd_sc_hd__nand2_1)
     1    0.00                           _14472_ (net)
                  0.06    0.00    3.15 ^ _19036_/C1 (sky130_fd_sc_hd__o211a_1)
                  0.07    0.14    3.29 ^ _19036_/X (sky130_fd_sc_hd__o211a_1)
     1    0.01                           _02039_ (net)
                  0.07    0.00    3.29 ^ _37090_/D (sky130_fd_sc_hd__dfxtp_1)
                                  3.29   data arrival time

                          0.00    0.00   clock wb_clk_i (rise edge)
                          3.25    3.25   clock network delay (propagated)
                          0.25    3.50   clock uncertainty
                         -0.17    3.33   clock reconvergence pessimism
                                  3.33 ^ _37090_/CLK (sky130_fd_sc_hd__dfxtp_1)
                         -0.03    3.30   library hold time
                                  3.30   data required time
-----------------------------------------------------------------------------
                                  3.30   data required time
                                 -3.29   data arrival time
-----------------------------------------------------------------------------
                                  0.00   slack (VIOLATED)


Startpoint: _36105_ (rising edge-triggered flip-flop clocked by wb_clk_i)
Endpoint: la_data_out[88] (output port clocked by wb_clk_i)
Path Group: wb_clk_i
Path Type: max

Fanout     Cap    Slew   Delay    Time   Description
-----------------------------------------------------------------------------
                          0.00    0.00   clock wb_clk_i (rise edge)
                          3.21    3.21   clock network delay (propagated)
                  0.08    0.00    3.21 ^ _36105_/CLK (sky130_fd_sc_hd__dfxtp_4)
                  1.06    1.07    4.28 ^ _36105_/Q (sky130_fd_sc_hd__dfxtp_4)
    58    0.38                           dtop.u1.genblk1[7].krd.o_encrypt (net)
                  1.08    0.14    4.43 ^ _34219_/S (sky130_fd_sc_hd__mux2_2)
                  0.12    0.55    4.98 v _34219_/X (sky130_fd_sc_hd__mux2_2)
     4    0.03                           net167 (net)
                  0.12    0.01    4.98 v output167/A (sky130_fd_sc_hd__buf_2)
                  0.10    0.24    5.22 v output167/X (sky130_fd_sc_hd__buf_2)
     1    0.03                           la_data_out[88] (net)
                  0.10    0.01    5.23 v la_data_out[88] (out)
                                  5.23   data arrival time

                         20.00   20.00   clock wb_clk_i (rise edge)
                          0.00   20.00   clock network delay (propagated)
                         -0.25   19.75   clock uncertainty
                          0.00   19.75   clock reconvergence pessimism
                         -4.00   15.75   output external delay
                                 15.75   data required time
-----------------------------------------------------------------------------
                                 15.75   data required time
                                 -5.23   data arrival time
-----------------------------------------------------------------------------
                                 10.52   slack (MET)


