
===========================================================================
report_checks -path_delay max (Setup)
============================================================================
Startpoint: _36105_ (rising edge-triggered flip-flop clocked by wb_clk_i)
Endpoint: la_data_out[88] (output port clocked by wb_clk_i)
Path Group: wb_clk_i
Path Type: max

Fanout     Cap    Slew   Delay    Time   Description
-----------------------------------------------------------------------------
                          0.00    0.00   clock wb_clk_i (rise edge)
                          0.00    0.00   clock source latency
                  0.95    0.75    0.75 ^ wb_clk_i (in)
     1    0.12                           wb_clk_i (net)
                  0.95    0.00    0.75 ^ clkbuf_0_wb_clk_i/A (sky130_fd_sc_hd__clkbuf_16)
                  0.07    0.33    1.08 ^ clkbuf_0_wb_clk_i/X (sky130_fd_sc_hd__clkbuf_16)
     2    0.03                           clknet_0_wb_clk_i (net)
                  0.07    0.00    1.08 ^ clkbuf_1_1_0_wb_clk_i/A (sky130_fd_sc_hd__clkbuf_2)
                  0.06    0.14    1.22 ^ clkbuf_1_1_0_wb_clk_i/X (sky130_fd_sc_hd__clkbuf_2)
     1    0.01                           clknet_1_1_0_wb_clk_i (net)
                  0.06    0.00    1.22 ^ clkbuf_1_1_1_wb_clk_i/A (sky130_fd_sc_hd__clkbuf_2)
                  0.17    0.22    1.44 ^ clkbuf_1_1_1_wb_clk_i/X (sky130_fd_sc_hd__clkbuf_2)
     2    0.03                           clknet_1_1_1_wb_clk_i (net)
                  0.17    0.00    1.44 ^ clkbuf_2_2_0_wb_clk_i/A (sky130_fd_sc_hd__clkbuf_2)
                  0.08    0.19    1.63 ^ clkbuf_2_2_0_wb_clk_i/X (sky130_fd_sc_hd__clkbuf_2)
     1    0.01                           clknet_2_2_0_wb_clk_i (net)
                  0.08    0.00    1.63 ^ clkbuf_2_2_1_wb_clk_i/A (sky130_fd_sc_hd__clkbuf_2)
                  0.21    0.25    1.88 ^ clkbuf_2_2_1_wb_clk_i/X (sky130_fd_sc_hd__clkbuf_2)
     2    0.04                           clknet_2_2_1_wb_clk_i (net)
                  0.21    0.00    1.88 ^ clkbuf_3_4_0_wb_clk_i/A (sky130_fd_sc_hd__clkbuf_2)
                  0.12    0.23    2.11 ^ clkbuf_3_4_0_wb_clk_i/X (sky130_fd_sc_hd__clkbuf_2)
     2    0.02                           clknet_3_4_0_wb_clk_i (net)
                  0.12    0.00    2.11 ^ clkbuf_4_8_0_wb_clk_i/A (sky130_fd_sc_hd__clkbuf_2)
                  0.16    0.23    2.34 ^ clkbuf_4_8_0_wb_clk_i/X (sky130_fd_sc_hd__clkbuf_2)
     2    0.03                           clknet_4_8_0_wb_clk_i (net)
                  0.16    0.00    2.35 ^ clkbuf_5_16_0_wb_clk_i/A (sky130_fd_sc_hd__clkbuf_2)
                  0.71    0.66    3.01 ^ clkbuf_5_16_0_wb_clk_i/X (sky130_fd_sc_hd__clkbuf_2)
    10    0.13                           clknet_5_16_0_wb_clk_i (net)
                  0.71    0.00    3.01 ^ clkbuf_leaf_224_wb_clk_i/A (sky130_fd_sc_hd__clkbuf_16)
                  0.07    0.32    3.33 ^ clkbuf_leaf_224_wb_clk_i/X (sky130_fd_sc_hd__clkbuf_16)
    10    0.04                           clknet_leaf_224_wb_clk_i (net)
                  0.07    0.00    3.33 ^ _36105_/CLK (sky130_fd_sc_hd__dfxtp_4)
                  1.04    1.12    4.45 ^ _36105_/Q (sky130_fd_sc_hd__dfxtp_4)
    58    0.38                           dtop.u1.genblk1[7].krd.o_encrypt (net)
                  1.05    0.08    4.54 ^ _34219_/S (sky130_fd_sc_hd__mux2_2)
                  0.12    0.56    5.10 v _34219_/X (sky130_fd_sc_hd__mux2_2)
     4    0.03                           net167 (net)
                  0.12    0.00    5.11 v output167/A (sky130_fd_sc_hd__buf_2)
                  0.09    0.24    5.35 v output167/X (sky130_fd_sc_hd__buf_2)
     1    0.03                           la_data_out[88] (net)
                  0.09    0.00    5.35 v la_data_out[88] (out)
                                  5.35   data arrival time

                         20.00   20.00   clock wb_clk_i (rise edge)
                          0.00   20.00   clock network delay (propagated)
                         -0.25   19.75   clock uncertainty
                          0.00   19.75   clock reconvergence pessimism
                         -4.00   15.75   output external delay
                                 15.75   data required time
-----------------------------------------------------------------------------
                                 15.75   data required time
                                 -5.35   data arrival time
-----------------------------------------------------------------------------
                                 10.40   slack (MET)


Startpoint: _36105_ (rising edge-triggered flip-flop clocked by wb_clk_i)
Endpoint: la_data_out[91] (output port clocked by wb_clk_i)
Path Group: wb_clk_i
Path Type: max

Fanout     Cap    Slew   Delay    Time   Description
-----------------------------------------------------------------------------
                          0.00    0.00   clock wb_clk_i (rise edge)
                          0.00    0.00   clock source latency
                  0.95    0.75    0.75 ^ wb_clk_i (in)
     1    0.12                           wb_clk_i (net)
                  0.95    0.00    0.75 ^ clkbuf_0_wb_clk_i/A (sky130_fd_sc_hd__clkbuf_16)
                  0.07    0.33    1.08 ^ clkbuf_0_wb_clk_i/X (sky130_fd_sc_hd__clkbuf_16)
     2    0.03                           clknet_0_wb_clk_i (net)
                  0.07    0.00    1.08 ^ clkbuf_1_1_0_wb_clk_i/A (sky130_fd_sc_hd__clkbuf_2)
                  0.06    0.14    1.22 ^ clkbuf_1_1_0_wb_clk_i/X (sky130_fd_sc_hd__clkbuf_2)
     1    0.01                           clknet_1_1_0_wb_clk_i (net)
                  0.06    0.00    1.22 ^ clkbuf_1_1_1_wb_clk_i/A (sky130_fd_sc_hd__clkbuf_2)
                  0.17    0.22    1.44 ^ clkbuf_1_1_1_wb_clk_i/X (sky130_fd_sc_hd__clkbuf_2)
     2    0.03                           clknet_1_1_1_wb_clk_i (net)
                  0.17    0.00    1.44 ^ clkbuf_2_2_0_wb_clk_i/A (sky130_fd_sc_hd__clkbuf_2)
                  0.08    0.19    1.63 ^ clkbuf_2_2_0_wb_clk_i/X (sky130_fd_sc_hd__clkbuf_2)
     1    0.01                           clknet_2_2_0_wb_clk_i (net)
                  0.08    0.00    1.63 ^ clkbuf_2_2_1_wb_clk_i/A (sky130_fd_sc_hd__clkbuf_2)
                  0.21    0.25    1.88 ^ clkbuf_2_2_1_wb_clk_i/X (sky130_fd_sc_hd__clkbuf_2)
     2    0.04                           clknet_2_2_1_wb_clk_i (net)
                  0.21    0.00    1.88 ^ clkbuf_3_4_0_wb_clk_i/A (sky130_fd_sc_hd__clkbuf_2)
                  0.12    0.23    2.11 ^ clkbuf_3_4_0_wb_clk_i/X (sky130_fd_sc_hd__clkbuf_2)
     2    0.02                           clknet_3_4_0_wb_clk_i (net)
                  0.12    0.00    2.11 ^ clkbuf_4_8_0_wb_clk_i/A (sky130_fd_sc_hd__clkbuf_2)
                  0.16    0.23    2.34 ^ clkbuf_4_8_0_wb_clk_i/X (sky130_fd_sc_hd__clkbuf_2)
     2    0.03                           clknet_4_8_0_wb_clk_i (net)
                  0.16    0.00    2.35 ^ clkbuf_5_16_0_wb_clk_i/A (sky130_fd_sc_hd__clkbuf_2)
                  0.71    0.66    3.01 ^ clkbuf_5_16_0_wb_clk_i/X (sky130_fd_sc_hd__clkbuf_2)
    10    0.13                           clknet_5_16_0_wb_clk_i (net)
                  0.71    0.00    3.01 ^ clkbuf_leaf_224_wb_clk_i/A (sky130_fd_sc_hd__clkbuf_16)
                  0.07    0.32    3.33 ^ clkbuf_leaf_224_wb_clk_i/X (sky130_fd_sc_hd__clkbuf_16)
    10    0.04                           clknet_leaf_224_wb_clk_i (net)
                  0.07    0.00    3.33 ^ _36105_/CLK (sky130_fd_sc_hd__dfxtp_4)
                  1.04    1.12    4.45 ^ _36105_/Q (sky130_fd_sc_hd__dfxtp_4)
    58    0.38                           dtop.u1.genblk1[7].krd.o_encrypt (net)
                  1.05    0.08    4.54 ^ _34222_/S (sky130_fd_sc_hd__mux2_2)
                  0.12    0.56    5.09 v _34222_/X (sky130_fd_sc_hd__mux2_2)
     4    0.03                           net171 (net)
                  0.12    0.00    5.10 v output171/A (sky130_fd_sc_hd__buf_2)
                  0.09    0.24    5.33 v output171/X (sky130_fd_sc_hd__buf_2)
     1    0.03                           la_data_out[91] (net)
                  0.09    0.00    5.34 v la_data_out[91] (out)
                                  5.34   data arrival time

                         20.00   20.00   clock wb_clk_i (rise edge)
                          0.00   20.00   clock network delay (propagated)
                         -0.25   19.75   clock uncertainty
                          0.00   19.75   clock reconvergence pessimism
                         -4.00   15.75   output external delay
                                 15.75   data required time
-----------------------------------------------------------------------------
                                 15.75   data required time
                                 -5.34   data arrival time
-----------------------------------------------------------------------------
                                 10.41   slack (MET)


Startpoint: _36105_ (rising edge-triggered flip-flop clocked by wb_clk_i)
Endpoint: la_data_out[111] (output port clocked by wb_clk_i)
Path Group: wb_clk_i
Path Type: max

Fanout     Cap    Slew   Delay    Time   Description
-----------------------------------------------------------------------------
                          0.00    0.00   clock wb_clk_i (rise edge)
                          0.00    0.00   clock source latency
                  0.95    0.75    0.75 ^ wb_clk_i (in)
     1    0.12                           wb_clk_i (net)
                  0.95    0.00    0.75 ^ clkbuf_0_wb_clk_i/A (sky130_fd_sc_hd__clkbuf_16)
                  0.07    0.33    1.08 ^ clkbuf_0_wb_clk_i/X (sky130_fd_sc_hd__clkbuf_16)
     2    0.03                           clknet_0_wb_clk_i (net)
                  0.07    0.00    1.08 ^ clkbuf_1_1_0_wb_clk_i/A (sky130_fd_sc_hd__clkbuf_2)
                  0.06    0.14    1.22 ^ clkbuf_1_1_0_wb_clk_i/X (sky130_fd_sc_hd__clkbuf_2)
     1    0.01                           clknet_1_1_0_wb_clk_i (net)
                  0.06    0.00    1.22 ^ clkbuf_1_1_1_wb_clk_i/A (sky130_fd_sc_hd__clkbuf_2)
                  0.17    0.22    1.44 ^ clkbuf_1_1_1_wb_clk_i/X (sky130_fd_sc_hd__clkbuf_2)
     2    0.03                           clknet_1_1_1_wb_clk_i (net)
                  0.17    0.00    1.44 ^ clkbuf_2_2_0_wb_clk_i/A (sky130_fd_sc_hd__clkbuf_2)
                  0.08    0.19    1.63 ^ clkbuf_2_2_0_wb_clk_i/X (sky130_fd_sc_hd__clkbuf_2)
     1    0.01                           clknet_2_2_0_wb_clk_i (net)
                  0.08    0.00    1.63 ^ clkbuf_2_2_1_wb_clk_i/A (sky130_fd_sc_hd__clkbuf_2)
                  0.21    0.25    1.88 ^ clkbuf_2_2_1_wb_clk_i/X (sky130_fd_sc_hd__clkbuf_2)
     2    0.04                           clknet_2_2_1_wb_clk_i (net)
                  0.21    0.00    1.88 ^ clkbuf_3_4_0_wb_clk_i/A (sky130_fd_sc_hd__clkbuf_2)
                  0.12    0.23    2.11 ^ clkbuf_3_4_0_wb_clk_i/X (sky130_fd_sc_hd__clkbuf_2)
     2    0.02                           clknet_3_4_0_wb_clk_i (net)
                  0.12    0.00    2.11 ^ clkbuf_4_8_0_wb_clk_i/A (sky130_fd_sc_hd__clkbuf_2)
                  0.16    0.23    2.34 ^ clkbuf_4_8_0_wb_clk_i/X (sky130_fd_sc_hd__clkbuf_2)
     2    0.03                           clknet_4_8_0_wb_clk_i (net)
                  0.16    0.00    2.35 ^ clkbuf_5_16_0_wb_clk_i/A (sky130_fd_sc_hd__clkbuf_2)
                  0.71    0.66    3.01 ^ clkbuf_5_16_0_wb_clk_i/X (sky130_fd_sc_hd__clkbuf_2)
    10    0.13                           clknet_5_16_0_wb_clk_i (net)
                  0.71    0.00    3.01 ^ clkbuf_leaf_224_wb_clk_i/A (sky130_fd_sc_hd__clkbuf_16)
                  0.07    0.32    3.33 ^ clkbuf_leaf_224_wb_clk_i/X (sky130_fd_sc_hd__clkbuf_16)
    10    0.04                           clknet_leaf_224_wb_clk_i (net)
                  0.07    0.00    3.33 ^ _36105_/CLK (sky130_fd_sc_hd__dfxtp_4)
                  1.04    1.12    4.45 ^ _36105_/Q (sky130_fd_sc_hd__dfxtp_4)
    58    0.38                           dtop.u1.genblk1[7].krd.o_encrypt (net)
                  1.05    0.08    4.53 ^ _34242_/S (sky130_fd_sc_hd__mux2_8)
                  0.10    0.56    5.09 v _34242_/X (sky130_fd_sc_hd__mux2_8)
     4    0.05                           net82 (net)
                  0.10    0.02    5.11 v output82/A (sky130_fd_sc_hd__buf_2)
                  0.09    0.23    5.33 v output82/X (sky130_fd_sc_hd__buf_2)
     1    0.03                           la_data_out[111] (net)
                  0.09    0.00    5.33 v la_data_out[111] (out)
                                  5.33   data arrival time

                         20.00   20.00   clock wb_clk_i (rise edge)
                          0.00   20.00   clock network delay (propagated)
                         -0.25   19.75   clock uncertainty
                          0.00   19.75   clock reconvergence pessimism
                         -4.00   15.75   output external delay
                                 15.75   data required time
-----------------------------------------------------------------------------
                                 15.75   data required time
                                 -5.33   data arrival time
-----------------------------------------------------------------------------
                                 10.42   slack (MET)


Startpoint: _36105_ (rising edge-triggered flip-flop clocked by wb_clk_i)
Endpoint: la_data_out[110] (output port clocked by wb_clk_i)
Path Group: wb_clk_i
Path Type: max

Fanout     Cap    Slew   Delay    Time   Description
-----------------------------------------------------------------------------
                          0.00    0.00   clock wb_clk_i (rise edge)
                          0.00    0.00   clock source latency
                  0.95    0.75    0.75 ^ wb_clk_i (in)
     1    0.12                           wb_clk_i (net)
                  0.95    0.00    0.75 ^ clkbuf_0_wb_clk_i/A (sky130_fd_sc_hd__clkbuf_16)
                  0.07    0.33    1.08 ^ clkbuf_0_wb_clk_i/X (sky130_fd_sc_hd__clkbuf_16)
     2    0.03                           clknet_0_wb_clk_i (net)
                  0.07    0.00    1.08 ^ clkbuf_1_1_0_wb_clk_i/A (sky130_fd_sc_hd__clkbuf_2)
                  0.06    0.14    1.22 ^ clkbuf_1_1_0_wb_clk_i/X (sky130_fd_sc_hd__clkbuf_2)
     1    0.01                           clknet_1_1_0_wb_clk_i (net)
                  0.06    0.00    1.22 ^ clkbuf_1_1_1_wb_clk_i/A (sky130_fd_sc_hd__clkbuf_2)
                  0.17    0.22    1.44 ^ clkbuf_1_1_1_wb_clk_i/X (sky130_fd_sc_hd__clkbuf_2)
     2    0.03                           clknet_1_1_1_wb_clk_i (net)
                  0.17    0.00    1.44 ^ clkbuf_2_2_0_wb_clk_i/A (sky130_fd_sc_hd__clkbuf_2)
                  0.08    0.19    1.63 ^ clkbuf_2_2_0_wb_clk_i/X (sky130_fd_sc_hd__clkbuf_2)
     1    0.01                           clknet_2_2_0_wb_clk_i (net)
                  0.08    0.00    1.63 ^ clkbuf_2_2_1_wb_clk_i/A (sky130_fd_sc_hd__clkbuf_2)
                  0.21    0.25    1.88 ^ clkbuf_2_2_1_wb_clk_i/X (sky130_fd_sc_hd__clkbuf_2)
     2    0.04                           clknet_2_2_1_wb_clk_i (net)
                  0.21    0.00    1.88 ^ clkbuf_3_4_0_wb_clk_i/A (sky130_fd_sc_hd__clkbuf_2)
                  0.12    0.23    2.11 ^ clkbuf_3_4_0_wb_clk_i/X (sky130_fd_sc_hd__clkbuf_2)
     2    0.02                           clknet_3_4_0_wb_clk_i (net)
                  0.12    0.00    2.11 ^ clkbuf_4_8_0_wb_clk_i/A (sky130_fd_sc_hd__clkbuf_2)
                  0.16    0.23    2.34 ^ clkbuf_4_8_0_wb_clk_i/X (sky130_fd_sc_hd__clkbuf_2)
     2    0.03                           clknet_4_8_0_wb_clk_i (net)
                  0.16    0.00    2.35 ^ clkbuf_5_16_0_wb_clk_i/A (sky130_fd_sc_hd__clkbuf_2)
                  0.71    0.66    3.01 ^ clkbuf_5_16_0_wb_clk_i/X (sky130_fd_sc_hd__clkbuf_2)
    10    0.13                           clknet_5_16_0_wb_clk_i (net)
                  0.71    0.00    3.01 ^ clkbuf_leaf_224_wb_clk_i/A (sky130_fd_sc_hd__clkbuf_16)
                  0.07    0.32    3.33 ^ clkbuf_leaf_224_wb_clk_i/X (sky130_fd_sc_hd__clkbuf_16)
    10    0.04                           clknet_leaf_224_wb_clk_i (net)
                  0.07    0.00    3.33 ^ _36105_/CLK (sky130_fd_sc_hd__dfxtp_4)
                  1.04    1.12    4.45 ^ _36105_/Q (sky130_fd_sc_hd__dfxtp_4)
    58    0.38                           dtop.u1.genblk1[7].krd.o_encrypt (net)
                  1.05    0.08    4.54 ^ _34241_/S (sky130_fd_sc_hd__mux2_8)
                  0.09    0.56    5.10 v _34241_/X (sky130_fd_sc_hd__mux2_8)
     4    0.05                           net81 (net)
                  0.09    0.01    5.10 v output81/A (sky130_fd_sc_hd__buf_2)
                  0.09    0.22    5.33 v output81/X (sky130_fd_sc_hd__buf_2)
     1    0.03                           la_data_out[110] (net)
                  0.09    0.00    5.33 v la_data_out[110] (out)
                                  5.33   data arrival time

                         20.00   20.00   clock wb_clk_i (rise edge)
                          0.00   20.00   clock network delay (propagated)
                         -0.25   19.75   clock uncertainty
                          0.00   19.75   clock reconvergence pessimism
                         -4.00   15.75   output external delay
                                 15.75   data required time
-----------------------------------------------------------------------------
                                 15.75   data required time
                                 -5.33   data arrival time
-----------------------------------------------------------------------------
                                 10.42   slack (MET)


Startpoint: _36105_ (rising edge-triggered flip-flop clocked by wb_clk_i)
Endpoint: la_data_out[73] (output port clocked by wb_clk_i)
Path Group: wb_clk_i
Path Type: max

Fanout     Cap    Slew   Delay    Time   Description
-----------------------------------------------------------------------------
                          0.00    0.00   clock wb_clk_i (rise edge)
                          0.00    0.00   clock source latency
                  0.95    0.75    0.75 ^ wb_clk_i (in)
     1    0.12                           wb_clk_i (net)
                  0.95    0.00    0.75 ^ clkbuf_0_wb_clk_i/A (sky130_fd_sc_hd__clkbuf_16)
                  0.07    0.33    1.08 ^ clkbuf_0_wb_clk_i/X (sky130_fd_sc_hd__clkbuf_16)
     2    0.03                           clknet_0_wb_clk_i (net)
                  0.07    0.00    1.08 ^ clkbuf_1_1_0_wb_clk_i/A (sky130_fd_sc_hd__clkbuf_2)
                  0.06    0.14    1.22 ^ clkbuf_1_1_0_wb_clk_i/X (sky130_fd_sc_hd__clkbuf_2)
     1    0.01                           clknet_1_1_0_wb_clk_i (net)
                  0.06    0.00    1.22 ^ clkbuf_1_1_1_wb_clk_i/A (sky130_fd_sc_hd__clkbuf_2)
                  0.17    0.22    1.44 ^ clkbuf_1_1_1_wb_clk_i/X (sky130_fd_sc_hd__clkbuf_2)
     2    0.03                           clknet_1_1_1_wb_clk_i (net)
                  0.17    0.00    1.44 ^ clkbuf_2_2_0_wb_clk_i/A (sky130_fd_sc_hd__clkbuf_2)
                  0.08    0.19    1.63 ^ clkbuf_2_2_0_wb_clk_i/X (sky130_fd_sc_hd__clkbuf_2)
     1    0.01                           clknet_2_2_0_wb_clk_i (net)
                  0.08    0.00    1.63 ^ clkbuf_2_2_1_wb_clk_i/A (sky130_fd_sc_hd__clkbuf_2)
                  0.21    0.25    1.88 ^ clkbuf_2_2_1_wb_clk_i/X (sky130_fd_sc_hd__clkbuf_2)
     2    0.04                           clknet_2_2_1_wb_clk_i (net)
                  0.21    0.00    1.88 ^ clkbuf_3_4_0_wb_clk_i/A (sky130_fd_sc_hd__clkbuf_2)
                  0.12    0.23    2.11 ^ clkbuf_3_4_0_wb_clk_i/X (sky130_fd_sc_hd__clkbuf_2)
     2    0.02                           clknet_3_4_0_wb_clk_i (net)
                  0.12    0.00    2.11 ^ clkbuf_4_8_0_wb_clk_i/A (sky130_fd_sc_hd__clkbuf_2)
                  0.16    0.23    2.34 ^ clkbuf_4_8_0_wb_clk_i/X (sky130_fd_sc_hd__clkbuf_2)
     2    0.03                           clknet_4_8_0_wb_clk_i (net)
                  0.16    0.00    2.35 ^ clkbuf_5_16_0_wb_clk_i/A (sky130_fd_sc_hd__clkbuf_2)
                  0.71    0.66    3.01 ^ clkbuf_5_16_0_wb_clk_i/X (sky130_fd_sc_hd__clkbuf_2)
    10    0.13                           clknet_5_16_0_wb_clk_i (net)
                  0.71    0.00    3.01 ^ clkbuf_leaf_224_wb_clk_i/A (sky130_fd_sc_hd__clkbuf_16)
                  0.07    0.32    3.33 ^ clkbuf_leaf_224_wb_clk_i/X (sky130_fd_sc_hd__clkbuf_16)
    10    0.04                           clknet_leaf_224_wb_clk_i (net)
                  0.07    0.00    3.33 ^ _36105_/CLK (sky130_fd_sc_hd__dfxtp_4)
                  1.04    1.12    4.45 ^ _36105_/Q (sky130_fd_sc_hd__dfxtp_4)
    58    0.38                           dtop.u1.genblk1[7].krd.o_encrypt (net)
                  1.04    0.06    4.51 ^ _34204_/S (sky130_fd_sc_hd__mux2_2)
                  0.13    0.57    5.08 v _34204_/X (sky130_fd_sc_hd__mux2_2)
     4    0.03                           net151 (net)
                  0.13    0.00    5.08 v output151/A (sky130_fd_sc_hd__buf_2)
                  0.09    0.24    5.32 v output151/X (sky130_fd_sc_hd__buf_2)
     1    0.03                           la_data_out[73] (net)
                  0.09    0.00    5.33 v la_data_out[73] (out)
                                  5.33   data arrival time

                         20.00   20.00   clock wb_clk_i (rise edge)
                          0.00   20.00   clock network delay (propagated)
                         -0.25   19.75   clock uncertainty
                          0.00   19.75   clock reconvergence pessimism
                         -4.00   15.75   output external delay
                                 15.75   data required time
-----------------------------------------------------------------------------
                                 15.75   data required time
                                 -5.33   data arrival time
-----------------------------------------------------------------------------
                                 10.42   slack (MET)


