
===========================================================================
report_checks -path_delay min (Hold)
============================================================================
Startpoint: _36629_ (rising edge-triggered flip-flop clocked by wb_clk_i)
Endpoint: _36725_ (rising edge-triggered flip-flop clocked by wb_clk_i)
Path Group: wb_clk_i
Path Type: min

Fanout     Cap    Slew   Delay    Time   Description
-----------------------------------------------------------------------------
                          0.00    0.00   clock wb_clk_i (rise edge)
                          0.00    0.00   clock source latency
                  0.07    0.04    0.04 ^ wb_clk_i (in)
     1    0.01                           wb_clk_i (net)
                  0.07    0.00    0.04 ^ clkbuf_0_wb_clk_i/A (sky130_fd_sc_hd__clkbuf_16)
                  0.03    0.11    0.15 ^ clkbuf_0_wb_clk_i/X (sky130_fd_sc_hd__clkbuf_16)
     2    0.00                           clknet_0_wb_clk_i (net)
                  0.03    0.00    0.15 ^ clkbuf_1_1_0_wb_clk_i/A (sky130_fd_sc_hd__clkbuf_2)
                  0.03    0.07    0.22 ^ clkbuf_1_1_0_wb_clk_i/X (sky130_fd_sc_hd__clkbuf_2)
     1    0.00                           clknet_1_1_0_wb_clk_i (net)
                  0.03    0.00    0.22 ^ clkbuf_1_1_1_wb_clk_i/A (sky130_fd_sc_hd__clkbuf_2)
                  0.04    0.08    0.31 ^ clkbuf_1_1_1_wb_clk_i/X (sky130_fd_sc_hd__clkbuf_2)
     2    0.00                           clknet_1_1_1_wb_clk_i (net)
                  0.04    0.00    0.31 ^ clkbuf_2_3_0_wb_clk_i/A (sky130_fd_sc_hd__clkbuf_2)
                  0.03    0.08    0.38 ^ clkbuf_2_3_0_wb_clk_i/X (sky130_fd_sc_hd__clkbuf_2)
     1    0.00                           clknet_2_3_0_wb_clk_i (net)
                  0.03    0.00    0.38 ^ clkbuf_2_3_1_wb_clk_i/A (sky130_fd_sc_hd__clkbuf_2)
                  0.04    0.08    0.46 ^ clkbuf_2_3_1_wb_clk_i/X (sky130_fd_sc_hd__clkbuf_2)
     2    0.00                           clknet_2_3_1_wb_clk_i (net)
                  0.04    0.00    0.46 ^ clkbuf_3_6_0_wb_clk_i/A (sky130_fd_sc_hd__clkbuf_2)
                  0.04    0.09    0.55 ^ clkbuf_3_6_0_wb_clk_i/X (sky130_fd_sc_hd__clkbuf_2)
     2    0.00                           clknet_3_6_0_wb_clk_i (net)
                  0.04    0.00    0.55 ^ clkbuf_4_13_0_wb_clk_i/A (sky130_fd_sc_hd__clkbuf_2)
                  0.04    0.09    0.64 ^ clkbuf_4_13_0_wb_clk_i/X (sky130_fd_sc_hd__clkbuf_2)
     2    0.00                           clknet_4_13_0_wb_clk_i (net)
                  0.04    0.00    0.64 ^ clkbuf_5_27_0_wb_clk_i/A (sky130_fd_sc_hd__clkbuf_2)
                  0.39    0.30    0.94 ^ clkbuf_5_27_0_wb_clk_i/X (sky130_fd_sc_hd__clkbuf_2)
     9    0.07                           clknet_5_27_0_wb_clk_i (net)
                  0.39    0.00    0.94 ^ clkbuf_leaf_118_wb_clk_i/A (sky130_fd_sc_hd__clkbuf_16)
                  0.05    0.20    1.14 ^ clkbuf_leaf_118_wb_clk_i/X (sky130_fd_sc_hd__clkbuf_16)
    12    0.02                           clknet_leaf_118_wb_clk_i (net)
                  0.05    0.00    1.14 ^ _36629_/CLK (sky130_fd_sc_hd__dfxtp_1)
                  0.05    0.28    1.42 v _36629_/Q (sky130_fd_sc_hd__dfxtp_1)
     3    0.01                           dtop.u1.genblk1[13].rd.o_ciphertext[11] (net)
                  0.05    0.00    1.42 v _23959_/A (sky130_fd_sc_hd__inv_2)
                  0.03    0.04    1.47 ^ _23959_/Y (sky130_fd_sc_hd__inv_2)
     3    0.01                           _04170_ (net)
                  0.03    0.00    1.47 ^ _23960_/B (sky130_fd_sc_hd__nor2_1)
                  0.02    0.03    1.49 v _23960_/Y (sky130_fd_sc_hd__nor2_1)
     1    0.00                           _01674_ (net)
                  0.02    0.00    1.49 v _36725_/D (sky130_fd_sc_hd__dfxtp_1)
                                  1.49   data arrival time

                          0.00    0.00   clock wb_clk_i (rise edge)
                          0.00    0.00   clock source latency
                  0.07    0.05    0.05 ^ wb_clk_i (in)
     1    0.01                           wb_clk_i (net)
                  0.07    0.00    0.05 ^ clkbuf_0_wb_clk_i/A (sky130_fd_sc_hd__clkbuf_16)
                  0.03    0.13    0.18 ^ clkbuf_0_wb_clk_i/X (sky130_fd_sc_hd__clkbuf_16)
     2    0.00                           clknet_0_wb_clk_i (net)
                  0.03    0.00    0.18 ^ clkbuf_1_1_0_wb_clk_i/A (sky130_fd_sc_hd__clkbuf_2)
                  0.03    0.09    0.27 ^ clkbuf_1_1_0_wb_clk_i/X (sky130_fd_sc_hd__clkbuf_2)
     1    0.00                           clknet_1_1_0_wb_clk_i (net)
                  0.03    0.00    0.27 ^ clkbuf_1_1_1_wb_clk_i/A (sky130_fd_sc_hd__clkbuf_2)
                  0.04    0.10    0.37 ^ clkbuf_1_1_1_wb_clk_i/X (sky130_fd_sc_hd__clkbuf_2)
     2    0.00                           clknet_1_1_1_wb_clk_i (net)
                  0.04    0.00    0.37 ^ clkbuf_2_3_0_wb_clk_i/A (sky130_fd_sc_hd__clkbuf_2)
                  0.03    0.09    0.47 ^ clkbuf_2_3_0_wb_clk_i/X (sky130_fd_sc_hd__clkbuf_2)
     1    0.00                           clknet_2_3_0_wb_clk_i (net)
                  0.03    0.00    0.47 ^ clkbuf_2_3_1_wb_clk_i/A (sky130_fd_sc_hd__clkbuf_2)
                  0.04    0.10    0.57 ^ clkbuf_2_3_1_wb_clk_i/X (sky130_fd_sc_hd__clkbuf_2)
     2    0.00                           clknet_2_3_1_wb_clk_i (net)
                  0.04    0.00    0.57 ^ clkbuf_3_6_0_wb_clk_i/A (sky130_fd_sc_hd__clkbuf_2)
                  0.04    0.10    0.67 ^ clkbuf_3_6_0_wb_clk_i/X (sky130_fd_sc_hd__clkbuf_2)
     2    0.00                           clknet_3_6_0_wb_clk_i (net)
                  0.04    0.00    0.67 ^ clkbuf_4_13_0_wb_clk_i/A (sky130_fd_sc_hd__clkbuf_2)
                  0.04    0.10    0.78 ^ clkbuf_4_13_0_wb_clk_i/X (sky130_fd_sc_hd__clkbuf_2)
     2    0.00                           clknet_4_13_0_wb_clk_i (net)
                  0.04    0.00    0.78 ^ clkbuf_5_26_0_wb_clk_i/A (sky130_fd_sc_hd__clkbuf_2)
                  0.40    0.38    1.16 ^ clkbuf_5_26_0_wb_clk_i/X (sky130_fd_sc_hd__clkbuf_2)
    10    0.07                           clknet_5_26_0_wb_clk_i (net)
                  0.40    0.00    1.16 ^ clkbuf_leaf_106_wb_clk_i/A (sky130_fd_sc_hd__clkbuf_16)
                  0.05    0.24    1.39 ^ clkbuf_leaf_106_wb_clk_i/X (sky130_fd_sc_hd__clkbuf_16)
     8    0.02                           clknet_leaf_106_wb_clk_i (net)
                  0.05    0.00    1.39 ^ _36725_/CLK (sky130_fd_sc_hd__dfxtp_1)
                          0.25    1.64   clock uncertainty
                         -0.14    1.50   clock reconvergence pessimism
                         -0.04    1.46   library hold time
                                  1.46   data required time
-----------------------------------------------------------------------------
                                  1.46   data required time
                                 -1.49   data arrival time
-----------------------------------------------------------------------------
                                  0.03   slack (MET)


Startpoint: _36680_ (rising edge-triggered flip-flop clocked by wb_clk_i)
Endpoint: _36712_ (rising edge-triggered flip-flop clocked by wb_clk_i)
Path Group: wb_clk_i
Path Type: min

Fanout     Cap    Slew   Delay    Time   Description
-----------------------------------------------------------------------------
                          0.00    0.00   clock wb_clk_i (rise edge)
                          0.00    0.00   clock source latency
                  0.07    0.04    0.04 ^ wb_clk_i (in)
     1    0.01                           wb_clk_i (net)
                  0.07    0.00    0.04 ^ clkbuf_0_wb_clk_i/A (sky130_fd_sc_hd__clkbuf_16)
                  0.03    0.11    0.15 ^ clkbuf_0_wb_clk_i/X (sky130_fd_sc_hd__clkbuf_16)
     2    0.00                           clknet_0_wb_clk_i (net)
                  0.03    0.00    0.15 ^ clkbuf_1_1_0_wb_clk_i/A (sky130_fd_sc_hd__clkbuf_2)
                  0.03    0.07    0.22 ^ clkbuf_1_1_0_wb_clk_i/X (sky130_fd_sc_hd__clkbuf_2)
     1    0.00                           clknet_1_1_0_wb_clk_i (net)
                  0.03    0.00    0.22 ^ clkbuf_1_1_1_wb_clk_i/A (sky130_fd_sc_hd__clkbuf_2)
                  0.04    0.08    0.31 ^ clkbuf_1_1_1_wb_clk_i/X (sky130_fd_sc_hd__clkbuf_2)
     2    0.00                           clknet_1_1_1_wb_clk_i (net)
                  0.04    0.00    0.31 ^ clkbuf_2_3_0_wb_clk_i/A (sky130_fd_sc_hd__clkbuf_2)
                  0.03    0.08    0.38 ^ clkbuf_2_3_0_wb_clk_i/X (sky130_fd_sc_hd__clkbuf_2)
     1    0.00                           clknet_2_3_0_wb_clk_i (net)
                  0.03    0.00    0.38 ^ clkbuf_2_3_1_wb_clk_i/A (sky130_fd_sc_hd__clkbuf_2)
                  0.04    0.08    0.46 ^ clkbuf_2_3_1_wb_clk_i/X (sky130_fd_sc_hd__clkbuf_2)
     2    0.00                           clknet_2_3_1_wb_clk_i (net)
                  0.04    0.00    0.46 ^ clkbuf_3_7_0_wb_clk_i/A (sky130_fd_sc_hd__clkbuf_2)
                  0.04    0.09    0.55 ^ clkbuf_3_7_0_wb_clk_i/X (sky130_fd_sc_hd__clkbuf_2)
     2    0.00                           clknet_3_7_0_wb_clk_i (net)
                  0.04    0.00    0.55 ^ clkbuf_4_15_0_wb_clk_i/A (sky130_fd_sc_hd__clkbuf_2)
                  0.04    0.09    0.64 ^ clkbuf_4_15_0_wb_clk_i/X (sky130_fd_sc_hd__clkbuf_2)
     2    0.00                           clknet_4_15_0_wb_clk_i (net)
                  0.04    0.00    0.64 ^ clkbuf_5_31_0_wb_clk_i/A (sky130_fd_sc_hd__clkbuf_2)
                  0.40    0.31    0.95 ^ clkbuf_5_31_0_wb_clk_i/X (sky130_fd_sc_hd__clkbuf_2)
    10    0.07                           clknet_5_31_0_wb_clk_i (net)
                  0.40    0.00    0.95 ^ _36680_/CLK (sky130_fd_sc_hd__dfxtp_1)
                  0.04    0.35    1.30 ^ _36680_/Q (sky130_fd_sc_hd__dfxtp_1)
     1    0.00                           dtop.u1.genblk1[13].rd.o_ciphertext[62] (net)
                  0.04    0.00    1.30 ^ hold569/A (sky130_fd_sc_hd__clkbuf_1)
                  0.07    0.08    1.39 ^ hold569/X (sky130_fd_sc_hd__clkbuf_1)
     2    0.00                           net783 (net)
                  0.07    0.00    1.39 ^ _24155_/A1 (sky130_fd_sc_hd__o211a_1)
                  0.03    0.13    1.51 ^ _24155_/X (sky130_fd_sc_hd__o211a_1)
     1    0.00                           _01661_ (net)
                  0.03    0.00    1.51 ^ _36712_/D (sky130_fd_sc_hd__dfxtp_1)
                                  1.51   data arrival time

                          0.00    0.00   clock wb_clk_i (rise edge)
                          0.00    0.00   clock source latency
                  0.07    0.05    0.05 ^ wb_clk_i (in)
     1    0.01                           wb_clk_i (net)
                  0.07    0.00    0.05 ^ clkbuf_0_wb_clk_i/A (sky130_fd_sc_hd__clkbuf_16)
                  0.03    0.13    0.18 ^ clkbuf_0_wb_clk_i/X (sky130_fd_sc_hd__clkbuf_16)
     2    0.00                           clknet_0_wb_clk_i (net)
                  0.03    0.00    0.18 ^ clkbuf_1_1_0_wb_clk_i/A (sky130_fd_sc_hd__clkbuf_2)
                  0.03    0.09    0.27 ^ clkbuf_1_1_0_wb_clk_i/X (sky130_fd_sc_hd__clkbuf_2)
     1    0.00                           clknet_1_1_0_wb_clk_i (net)
                  0.03    0.00    0.27 ^ clkbuf_1_1_1_wb_clk_i/A (sky130_fd_sc_hd__clkbuf_2)
                  0.04    0.10    0.37 ^ clkbuf_1_1_1_wb_clk_i/X (sky130_fd_sc_hd__clkbuf_2)
     2    0.00                           clknet_1_1_1_wb_clk_i (net)
                  0.04    0.00    0.37 ^ clkbuf_2_3_0_wb_clk_i/A (sky130_fd_sc_hd__clkbuf_2)
                  0.03    0.09    0.47 ^ clkbuf_2_3_0_wb_clk_i/X (sky130_fd_sc_hd__clkbuf_2)
     1    0.00                           clknet_2_3_0_wb_clk_i (net)
                  0.03    0.00    0.47 ^ clkbuf_2_3_1_wb_clk_i/A (sky130_fd_sc_hd__clkbuf_2)
                  0.04    0.10    0.57 ^ clkbuf_2_3_1_wb_clk_i/X (sky130_fd_sc_hd__clkbuf_2)
     2    0.00                           clknet_2_3_1_wb_clk_i (net)
                  0.04    0.00    0.57 ^ clkbuf_3_7_0_wb_clk_i/A (sky130_fd_sc_hd__clkbuf_2)
                  0.04    0.10    0.67 ^ clkbuf_3_7_0_wb_clk_i/X (sky130_fd_sc_hd__clkbuf_2)
     2    0.00                           clknet_3_7_0_wb_clk_i (net)
                  0.04    0.00    0.67 ^ clkbuf_4_15_0_wb_clk_i/A (sky130_fd_sc_hd__clkbuf_2)
                  0.04    0.10    0.78 ^ clkbuf_4_15_0_wb_clk_i/X (sky130_fd_sc_hd__clkbuf_2)
     2    0.00                           clknet_4_15_0_wb_clk_i (net)
                  0.04    0.00    0.78 ^ clkbuf_5_30_0_wb_clk_i/A (sky130_fd_sc_hd__clkbuf_2)
                  0.40    0.38    1.16 ^ clkbuf_5_30_0_wb_clk_i/X (sky130_fd_sc_hd__clkbuf_2)
    10    0.07                           clknet_5_30_0_wb_clk_i (net)
                  0.40    0.00    1.16 ^ clkbuf_leaf_114_wb_clk_i/A (sky130_fd_sc_hd__clkbuf_16)
                  0.05    0.24    1.39 ^ clkbuf_leaf_114_wb_clk_i/X (sky130_fd_sc_hd__clkbuf_16)
     8    0.02                           clknet_leaf_114_wb_clk_i (net)
                  0.05    0.00    1.39 ^ _36712_/CLK (sky130_fd_sc_hd__dfxtp_1)
                          0.25    1.64   clock uncertainty
                         -0.14    1.50   clock reconvergence pessimism
                         -0.03    1.47   library hold time
                                  1.47   data required time
-----------------------------------------------------------------------------
                                  1.47   data required time
                                 -1.51   data arrival time
-----------------------------------------------------------------------------
                                  0.04   slack (MET)


Startpoint: _37089_ (rising edge-triggered flip-flop clocked by wb_clk_i)
Endpoint: _37185_ (rising edge-triggered flip-flop clocked by wb_clk_i)
Path Group: wb_clk_i
Path Type: min

Fanout     Cap    Slew   Delay    Time   Description
-----------------------------------------------------------------------------
                          0.00    0.00   clock wb_clk_i (rise edge)
                          0.00    0.00   clock source latency
                  0.07    0.04    0.04 ^ wb_clk_i (in)
     1    0.01                           wb_clk_i (net)
                  0.07    0.00    0.04 ^ clkbuf_0_wb_clk_i/A (sky130_fd_sc_hd__clkbuf_16)
                  0.03    0.11    0.15 ^ clkbuf_0_wb_clk_i/X (sky130_fd_sc_hd__clkbuf_16)
     2    0.00                           clknet_0_wb_clk_i (net)
                  0.03    0.00    0.15 ^ clkbuf_1_0_0_wb_clk_i/A (sky130_fd_sc_hd__clkbuf_2)
                  0.03    0.07    0.22 ^ clkbuf_1_0_0_wb_clk_i/X (sky130_fd_sc_hd__clkbuf_2)
     1    0.00                           clknet_1_0_0_wb_clk_i (net)
                  0.03    0.00    0.22 ^ clkbuf_1_0_1_wb_clk_i/A (sky130_fd_sc_hd__clkbuf_2)
                  0.04    0.08    0.31 ^ clkbuf_1_0_1_wb_clk_i/X (sky130_fd_sc_hd__clkbuf_2)
     2    0.00                           clknet_1_0_1_wb_clk_i (net)
                  0.04    0.00    0.31 ^ clkbuf_2_0_0_wb_clk_i/A (sky130_fd_sc_hd__clkbuf_2)
                  0.03    0.08    0.38 ^ clkbuf_2_0_0_wb_clk_i/X (sky130_fd_sc_hd__clkbuf_2)
     1    0.00                           clknet_2_0_0_wb_clk_i (net)
                  0.03    0.00    0.38 ^ clkbuf_2_0_1_wb_clk_i/A (sky130_fd_sc_hd__clkbuf_2)
                  0.04    0.08    0.46 ^ clkbuf_2_0_1_wb_clk_i/X (sky130_fd_sc_hd__clkbuf_2)
     2    0.00                           clknet_2_0_1_wb_clk_i (net)
                  0.04    0.00    0.46 ^ clkbuf_3_1_0_wb_clk_i/A (sky130_fd_sc_hd__clkbuf_2)
                  0.04    0.09    0.55 ^ clkbuf_3_1_0_wb_clk_i/X (sky130_fd_sc_hd__clkbuf_2)
     2    0.00                           clknet_3_1_0_wb_clk_i (net)
                  0.04    0.00    0.55 ^ clkbuf_4_3_0_wb_clk_i/A (sky130_fd_sc_hd__clkbuf_2)
                  0.04    0.09    0.64 ^ clkbuf_4_3_0_wb_clk_i/X (sky130_fd_sc_hd__clkbuf_2)
     2    0.00                           clknet_4_3_0_wb_clk_i (net)
                  0.04    0.00    0.64 ^ clkbuf_5_7_0_wb_clk_i/A (sky130_fd_sc_hd__clkbuf_2)
                  0.39    0.30    0.94 ^ clkbuf_5_7_0_wb_clk_i/X (sky130_fd_sc_hd__clkbuf_2)
     9    0.07                           clknet_5_7_0_wb_clk_i (net)
                  0.39    0.00    0.94 ^ clkbuf_leaf_236_wb_clk_i/A (sky130_fd_sc_hd__clkbuf_16)
                  0.05    0.20    1.14 ^ clkbuf_leaf_236_wb_clk_i/X (sky130_fd_sc_hd__clkbuf_16)
    11    0.02                           clknet_leaf_236_wb_clk_i (net)
                  0.05    0.00    1.14 ^ _37089_/CLK (sky130_fd_sc_hd__dfxtp_1)
                  0.03    0.27    1.41 v _37089_/Q (sky130_fd_sc_hd__dfxtp_1)
     1    0.00                           dtop.u1.genblk1[5].rd.o_ciphertext[21] (net)
                  0.03    0.00    1.41 v _17320_/A (sky130_fd_sc_hd__inv_2)
                  0.04    0.05    1.45 ^ _17320_/Y (sky130_fd_sc_hd__inv_2)
     3    0.01                           _12852_ (net)
                  0.04    0.00    1.45 ^ _17321_/B (sky130_fd_sc_hd__nor2_2)
                  0.01    0.02    1.48 v _17321_/Y (sky130_fd_sc_hd__nor2_2)
     1    0.00                           _02134_ (net)
                  0.01    0.00    1.48 v _37185_/D (sky130_fd_sc_hd__dfxtp_1)
                                  1.48   data arrival time

                          0.00    0.00   clock wb_clk_i (rise edge)
                          0.00    0.00   clock source latency
                  0.07    0.05    0.05 ^ wb_clk_i (in)
     1    0.01                           wb_clk_i (net)
                  0.07    0.00    0.05 ^ clkbuf_0_wb_clk_i/A (sky130_fd_sc_hd__clkbuf_16)
                  0.03    0.13    0.18 ^ clkbuf_0_wb_clk_i/X (sky130_fd_sc_hd__clkbuf_16)
     2    0.00                           clknet_0_wb_clk_i (net)
                  0.03    0.00    0.18 ^ clkbuf_1_0_0_wb_clk_i/A (sky130_fd_sc_hd__clkbuf_2)
                  0.03    0.09    0.27 ^ clkbuf_1_0_0_wb_clk_i/X (sky130_fd_sc_hd__clkbuf_2)
     1    0.00                           clknet_1_0_0_wb_clk_i (net)
                  0.03    0.00    0.27 ^ clkbuf_1_0_1_wb_clk_i/A (sky130_fd_sc_hd__clkbuf_2)
                  0.04    0.10    0.37 ^ clkbuf_1_0_1_wb_clk_i/X (sky130_fd_sc_hd__clkbuf_2)
     2    0.00                           clknet_1_0_1_wb_clk_i (net)
                  0.04    0.00    0.37 ^ clkbuf_2_0_0_wb_clk_i/A (sky130_fd_sc_hd__clkbuf_2)
                  0.03    0.09    0.47 ^ clkbuf_2_0_0_wb_clk_i/X (sky130_fd_sc_hd__clkbuf_2)
     1    0.00                           clknet_2_0_0_wb_clk_i (net)
                  0.03    0.00    0.47 ^ clkbuf_2_0_1_wb_clk_i/A (sky130_fd_sc_hd__clkbuf_2)
                  0.04    0.10    0.57 ^ clkbuf_2_0_1_wb_clk_i/X (sky130_fd_sc_hd__clkbuf_2)
     2    0.00                           clknet_2_0_1_wb_clk_i (net)
                  0.04    0.00    0.57 ^ clkbuf_3_1_0_wb_clk_i/A (sky130_fd_sc_hd__clkbuf_2)
                  0.04    0.10    0.67 ^ clkbuf_3_1_0_wb_clk_i/X (sky130_fd_sc_hd__clkbuf_2)
     2    0.00                           clknet_3_1_0_wb_clk_i (net)
                  0.04    0.00    0.67 ^ clkbuf_4_2_0_wb_clk_i/A (sky130_fd_sc_hd__clkbuf_2)
                  0.04    0.10    0.78 ^ clkbuf_4_2_0_wb_clk_i/X (sky130_fd_sc_hd__clkbuf_2)
     2    0.00                           clknet_4_2_0_wb_clk_i (net)
                  0.04    0.00    0.78 ^ clkbuf_5_4_0_wb_clk_i/A (sky130_fd_sc_hd__clkbuf_2)
                  0.35    0.34    1.12 ^ clkbuf_5_4_0_wb_clk_i/X (sky130_fd_sc_hd__clkbuf_2)
     8    0.06                           clknet_5_4_0_wb_clk_i (net)
                  0.35    0.00    1.12 ^ clkbuf_leaf_258_wb_clk_i/A (sky130_fd_sc_hd__clkbuf_16)
                  0.04    0.23    1.35 ^ clkbuf_leaf_258_wb_clk_i/X (sky130_fd_sc_hd__clkbuf_16)
     8    0.01                           clknet_leaf_258_wb_clk_i (net)
                  0.04    0.00    1.35 ^ _37185_/CLK (sky130_fd_sc_hd__dfxtp_1)
                          0.25    1.60   clock uncertainty
                         -0.12    1.47   clock reconvergence pessimism
                         -0.04    1.43   library hold time
                                  1.43   data required time
-----------------------------------------------------------------------------
                                  1.43   data required time
                                 -1.48   data arrival time
-----------------------------------------------------------------------------
                                  0.05   slack (MET)


Startpoint: _36921_ (rising edge-triggered flip-flop clocked by wb_clk_i)
Endpoint: _36953_ (rising edge-triggered flip-flop clocked by wb_clk_i)
Path Group: wb_clk_i
Path Type: min

Fanout     Cap    Slew   Delay    Time   Description
-----------------------------------------------------------------------------
                          0.00    0.00   clock wb_clk_i (rise edge)
                          0.00    0.00   clock source latency
                  0.07    0.04    0.04 ^ wb_clk_i (in)
     1    0.01                           wb_clk_i (net)
                  0.07    0.00    0.04 ^ clkbuf_0_wb_clk_i/A (sky130_fd_sc_hd__clkbuf_16)
                  0.03    0.11    0.15 ^ clkbuf_0_wb_clk_i/X (sky130_fd_sc_hd__clkbuf_16)
     2    0.00                           clknet_0_wb_clk_i (net)
                  0.03    0.00    0.15 ^ clkbuf_1_0_0_wb_clk_i/A (sky130_fd_sc_hd__clkbuf_2)
                  0.03    0.07    0.22 ^ clkbuf_1_0_0_wb_clk_i/X (sky130_fd_sc_hd__clkbuf_2)
     1    0.00                           clknet_1_0_0_wb_clk_i (net)
                  0.03    0.00    0.22 ^ clkbuf_1_0_1_wb_clk_i/A (sky130_fd_sc_hd__clkbuf_2)
                  0.04    0.08    0.31 ^ clkbuf_1_0_1_wb_clk_i/X (sky130_fd_sc_hd__clkbuf_2)
     2    0.00                           clknet_1_0_1_wb_clk_i (net)
                  0.04    0.00    0.31 ^ clkbuf_2_1_0_wb_clk_i/A (sky130_fd_sc_hd__clkbuf_2)
                  0.03    0.08    0.38 ^ clkbuf_2_1_0_wb_clk_i/X (sky130_fd_sc_hd__clkbuf_2)
     1    0.00                           clknet_2_1_0_wb_clk_i (net)
                  0.03    0.00    0.38 ^ clkbuf_2_1_1_wb_clk_i/A (sky130_fd_sc_hd__clkbuf_2)
                  0.04    0.08    0.46 ^ clkbuf_2_1_1_wb_clk_i/X (sky130_fd_sc_hd__clkbuf_2)
     2    0.00                           clknet_2_1_1_wb_clk_i (net)
                  0.04    0.00    0.46 ^ clkbuf_3_3_0_wb_clk_i/A (sky130_fd_sc_hd__clkbuf_2)
                  0.04    0.09    0.55 ^ clkbuf_3_3_0_wb_clk_i/X (sky130_fd_sc_hd__clkbuf_2)
     2    0.00                           clknet_3_3_0_wb_clk_i (net)
                  0.04    0.00    0.55 ^ clkbuf_4_7_0_wb_clk_i/A (sky130_fd_sc_hd__clkbuf_2)
                  0.04    0.09    0.64 ^ clkbuf_4_7_0_wb_clk_i/X (sky130_fd_sc_hd__clkbuf_2)
     2    0.00                           clknet_4_7_0_wb_clk_i (net)
                  0.04    0.00    0.64 ^ clkbuf_5_14_0_wb_clk_i/A (sky130_fd_sc_hd__clkbuf_2)
                  0.31    0.26    0.89 ^ clkbuf_5_14_0_wb_clk_i/X (sky130_fd_sc_hd__clkbuf_2)
     8    0.06                           clknet_5_14_0_wb_clk_i (net)
                  0.31    0.00    0.89 ^ clkbuf_leaf_42_wb_clk_i/A (sky130_fd_sc_hd__clkbuf_16)
                  0.05    0.19    1.08 ^ clkbuf_leaf_42_wb_clk_i/X (sky130_fd_sc_hd__clkbuf_16)
    12    0.02                           clknet_leaf_42_wb_clk_i (net)
                  0.05    0.00    1.08 ^ _36921_/CLK (sky130_fd_sc_hd__dfxtp_1)
                  0.06    0.28    1.37 ^ _36921_/Q (sky130_fd_sc_hd__dfxtp_1)
     2    0.00                           dtop.u1.genblk1[2].rd.o_ciphertext[45] (net)
                  0.06    0.00    1.37 ^ _20999_/A1 (sky130_fd_sc_hd__o211a_1)
                  0.03    0.13    1.49 ^ _20999_/X (sky130_fd_sc_hd__o211a_1)
     1    0.00                           _01902_ (net)
                  0.03    0.00    1.49 ^ _36953_/D (sky130_fd_sc_hd__dfxtp_1)
                                  1.49   data arrival time

                          0.00    0.00   clock wb_clk_i (rise edge)
                          0.00    0.00   clock source latency
                  0.07    0.05    0.05 ^ wb_clk_i (in)
     1    0.01                           wb_clk_i (net)
                  0.07    0.00    0.05 ^ clkbuf_0_wb_clk_i/A (sky130_fd_sc_hd__clkbuf_16)
                  0.03    0.13    0.18 ^ clkbuf_0_wb_clk_i/X (sky130_fd_sc_hd__clkbuf_16)
     2    0.00                           clknet_0_wb_clk_i (net)
                  0.03    0.00    0.18 ^ clkbuf_1_0_0_wb_clk_i/A (sky130_fd_sc_hd__clkbuf_2)
                  0.03    0.09    0.27 ^ clkbuf_1_0_0_wb_clk_i/X (sky130_fd_sc_hd__clkbuf_2)
     1    0.00                           clknet_1_0_0_wb_clk_i (net)
                  0.03    0.00    0.27 ^ clkbuf_1_0_1_wb_clk_i/A (sky130_fd_sc_hd__clkbuf_2)
                  0.04    0.10    0.37 ^ clkbuf_1_0_1_wb_clk_i/X (sky130_fd_sc_hd__clkbuf_2)
     2    0.00                           clknet_1_0_1_wb_clk_i (net)
                  0.04    0.00    0.37 ^ clkbuf_2_1_0_wb_clk_i/A (sky130_fd_sc_hd__clkbuf_2)
                  0.03    0.09    0.47 ^ clkbuf_2_1_0_wb_clk_i/X (sky130_fd_sc_hd__clkbuf_2)
     1    0.00                           clknet_2_1_0_wb_clk_i (net)
                  0.03    0.00    0.47 ^ clkbuf_2_1_1_wb_clk_i/A (sky130_fd_sc_hd__clkbuf_2)
                  0.04    0.10    0.57 ^ clkbuf_2_1_1_wb_clk_i/X (sky130_fd_sc_hd__clkbuf_2)
     2    0.00                           clknet_2_1_1_wb_clk_i (net)
                  0.04    0.00    0.57 ^ clkbuf_3_3_0_wb_clk_i/A (sky130_fd_sc_hd__clkbuf_2)
                  0.04    0.10    0.67 ^ clkbuf_3_3_0_wb_clk_i/X (sky130_fd_sc_hd__clkbuf_2)
     2    0.00                           clknet_3_3_0_wb_clk_i (net)
                  0.04    0.00    0.67 ^ clkbuf_4_6_0_wb_clk_i/A (sky130_fd_sc_hd__clkbuf_2)
                  0.04    0.10    0.78 ^ clkbuf_4_6_0_wb_clk_i/X (sky130_fd_sc_hd__clkbuf_2)
     2    0.00                           clknet_4_6_0_wb_clk_i (net)
                  0.04    0.00    0.78 ^ clkbuf_5_12_0_wb_clk_i/A (sky130_fd_sc_hd__clkbuf_2)
                  0.35    0.34    1.12 ^ clkbuf_5_12_0_wb_clk_i/X (sky130_fd_sc_hd__clkbuf_2)
     8    0.06                           clknet_5_12_0_wb_clk_i (net)
                  0.35    0.00    1.12 ^ clkbuf_leaf_35_wb_clk_i/A (sky130_fd_sc_hd__clkbuf_16)
                  0.05    0.23    1.35 ^ clkbuf_leaf_35_wb_clk_i/X (sky130_fd_sc_hd__clkbuf_16)
     9    0.02                           clknet_leaf_35_wb_clk_i (net)
                  0.05    0.00    1.35 ^ _36953_/CLK (sky130_fd_sc_hd__dfxtp_1)
                          0.25    1.60   clock uncertainty
                         -0.12    1.48   clock reconvergence pessimism
                         -0.03    1.45   library hold time
                                  1.45   data required time
-----------------------------------------------------------------------------
                                  1.45   data required time
                                 -1.49   data arrival time
-----------------------------------------------------------------------------
                                  0.05   slack (MET)


Startpoint: _37230_ (rising edge-triggered flip-flop clocked by wb_clk_i)
Endpoint: _36309_ (rising edge-triggered flip-flop clocked by wb_clk_i)
Path Group: wb_clk_i
Path Type: min

Fanout     Cap    Slew   Delay    Time   Description
-----------------------------------------------------------------------------
                          0.00    0.00   clock wb_clk_i (rise edge)
                          0.00    0.00   clock source latency
                  0.07    0.04    0.04 ^ wb_clk_i (in)
     1    0.01                           wb_clk_i (net)
                  0.07    0.00    0.04 ^ clkbuf_0_wb_clk_i/A (sky130_fd_sc_hd__clkbuf_16)
                  0.03    0.11    0.15 ^ clkbuf_0_wb_clk_i/X (sky130_fd_sc_hd__clkbuf_16)
     2    0.00                           clknet_0_wb_clk_i (net)
                  0.03    0.00    0.15 ^ clkbuf_1_0_0_wb_clk_i/A (sky130_fd_sc_hd__clkbuf_2)
                  0.03    0.07    0.22 ^ clkbuf_1_0_0_wb_clk_i/X (sky130_fd_sc_hd__clkbuf_2)
     1    0.00                           clknet_1_0_0_wb_clk_i (net)
                  0.03    0.00    0.22 ^ clkbuf_1_0_1_wb_clk_i/A (sky130_fd_sc_hd__clkbuf_2)
                  0.04    0.08    0.31 ^ clkbuf_1_0_1_wb_clk_i/X (sky130_fd_sc_hd__clkbuf_2)
     2    0.00                           clknet_1_0_1_wb_clk_i (net)
                  0.04    0.00    0.31 ^ clkbuf_2_0_0_wb_clk_i/A (sky130_fd_sc_hd__clkbuf_2)
                  0.03    0.08    0.38 ^ clkbuf_2_0_0_wb_clk_i/X (sky130_fd_sc_hd__clkbuf_2)
     1    0.00                           clknet_2_0_0_wb_clk_i (net)
                  0.03    0.00    0.38 ^ clkbuf_2_0_1_wb_clk_i/A (sky130_fd_sc_hd__clkbuf_2)
                  0.04    0.08    0.46 ^ clkbuf_2_0_1_wb_clk_i/X (sky130_fd_sc_hd__clkbuf_2)
     2    0.00                           clknet_2_0_1_wb_clk_i (net)
                  0.04    0.00    0.46 ^ clkbuf_3_0_0_wb_clk_i/A (sky130_fd_sc_hd__clkbuf_2)
                  0.04    0.09    0.55 ^ clkbuf_3_0_0_wb_clk_i/X (sky130_fd_sc_hd__clkbuf_2)
     2    0.00                           clknet_3_0_0_wb_clk_i (net)
                  0.04    0.00    0.55 ^ clkbuf_4_0_0_wb_clk_i/A (sky130_fd_sc_hd__clkbuf_2)
                  0.04    0.09    0.64 ^ clkbuf_4_0_0_wb_clk_i/X (sky130_fd_sc_hd__clkbuf_2)
     2    0.00                           clknet_4_0_0_wb_clk_i (net)
                  0.04    0.00    0.64 ^ clkbuf_5_0_0_wb_clk_i/A (sky130_fd_sc_hd__clkbuf_2)
                  0.43    0.33    0.97 ^ clkbuf_5_0_0_wb_clk_i/X (sky130_fd_sc_hd__clkbuf_2)
    10    0.08                           clknet_5_0_0_wb_clk_i (net)
                  0.43    0.00    0.97 ^ clkbuf_leaf_0_wb_clk_i/A (sky130_fd_sc_hd__clkbuf_16)
                  0.05    0.20    1.17 ^ clkbuf_leaf_0_wb_clk_i/X (sky130_fd_sc_hd__clkbuf_16)
     8    0.02                           clknet_leaf_0_wb_clk_i (net)
                  0.05    0.00    1.17 ^ _37230_/CLK (sky130_fd_sc_hd__dfxtp_1)
                  0.10    0.31    1.48 ^ _37230_/Q (sky130_fd_sc_hd__dfxtp_1)
     3    0.01                           dtop.staging_input[34] (net)
                  0.10    0.00    1.48 ^ _30499_/B1 (sky130_fd_sc_hd__o221a_2)
                  0.04    0.16    1.64 ^ _30499_/X (sky130_fd_sc_hd__o221a_2)
     1    0.00                           _01258_ (net)
                  0.04    0.00    1.64 ^ _36309_/D (sky130_fd_sc_hd__dfxtp_1)
                                  1.64   data arrival time

                          0.00    0.00   clock wb_clk_i (rise edge)
                          0.00    0.00   clock source latency
                  0.07    0.05    0.05 ^ wb_clk_i (in)
     1    0.01                           wb_clk_i (net)
                  0.07    0.00    0.05 ^ clkbuf_0_wb_clk_i/A (sky130_fd_sc_hd__clkbuf_16)
                  0.03    0.13    0.18 ^ clkbuf_0_wb_clk_i/X (sky130_fd_sc_hd__clkbuf_16)
     2    0.00                           clknet_0_wb_clk_i (net)
                  0.03    0.00    0.18 ^ clkbuf_1_0_0_wb_clk_i/A (sky130_fd_sc_hd__clkbuf_2)
                  0.03    0.09    0.27 ^ clkbuf_1_0_0_wb_clk_i/X (sky130_fd_sc_hd__clkbuf_2)
     1    0.00                           clknet_1_0_0_wb_clk_i (net)
                  0.03    0.00    0.27 ^ clkbuf_1_0_1_wb_clk_i/A (sky130_fd_sc_hd__clkbuf_2)
                  0.04    0.10    0.37 ^ clkbuf_1_0_1_wb_clk_i/X (sky130_fd_sc_hd__clkbuf_2)
     2    0.00                           clknet_1_0_1_wb_clk_i (net)
                  0.04    0.00    0.37 ^ clkbuf_2_1_0_wb_clk_i/A (sky130_fd_sc_hd__clkbuf_2)
                  0.03    0.09    0.47 ^ clkbuf_2_1_0_wb_clk_i/X (sky130_fd_sc_hd__clkbuf_2)
     1    0.00                           clknet_2_1_0_wb_clk_i (net)
                  0.03    0.00    0.47 ^ clkbuf_2_1_1_wb_clk_i/A (sky130_fd_sc_hd__clkbuf_2)
                  0.04    0.10    0.57 ^ clkbuf_2_1_1_wb_clk_i/X (sky130_fd_sc_hd__clkbuf_2)
     2    0.00                           clknet_2_1_1_wb_clk_i (net)
                  0.04    0.00    0.57 ^ clkbuf_3_2_0_wb_clk_i/A (sky130_fd_sc_hd__clkbuf_2)
                  0.04    0.10    0.67 ^ clkbuf_3_2_0_wb_clk_i/X (sky130_fd_sc_hd__clkbuf_2)
     2    0.00                           clknet_3_2_0_wb_clk_i (net)
                  0.04    0.00    0.67 ^ clkbuf_4_4_0_wb_clk_i/A (sky130_fd_sc_hd__clkbuf_2)
                  0.04    0.10    0.78 ^ clkbuf_4_4_0_wb_clk_i/X (sky130_fd_sc_hd__clkbuf_2)
     2    0.00                           clknet_4_4_0_wb_clk_i (net)
                  0.04    0.00    0.78 ^ clkbuf_5_8_0_wb_clk_i/A (sky130_fd_sc_hd__clkbuf_2)
                  0.44    0.41    1.19 ^ clkbuf_5_8_0_wb_clk_i/X (sky130_fd_sc_hd__clkbuf_2)
    11    0.08                           clknet_5_8_0_wb_clk_i (net)
                  0.44    0.00    1.19 ^ clkbuf_leaf_12_wb_clk_i/A (sky130_fd_sc_hd__clkbuf_16)
                  0.05    0.25    1.44 ^ clkbuf_leaf_12_wb_clk_i/X (sky130_fd_sc_hd__clkbuf_16)
    10    0.02                           clknet_leaf_12_wb_clk_i (net)
                  0.05    0.00    1.44 ^ _36309_/CLK (sky130_fd_sc_hd__dfxtp_1)
                          0.25    1.69   clock uncertainty
                         -0.07    1.62   clock reconvergence pessimism
                         -0.03    1.59   library hold time
                                  1.59   data required time
-----------------------------------------------------------------------------
                                  1.59   data required time
                                 -1.64   data arrival time
-----------------------------------------------------------------------------
                                  0.05   slack (MET)


