Startpoint: wbs_adr_i[6] (input port clocked by wb_clk_i)
Endpoint: _36747_ (rising edge-triggered flip-flop clocked by wb_clk_i)
Path Group: wb_clk_i
Path Type: min

Fanout     Cap    Slew   Delay    Time   Description
-----------------------------------------------------------------------------
                  0.15    0.00    0.00   clock wb_clk_i (rise edge)
                          0.00    0.00   clock network delay (ideal)
                          4.00    4.00 ^ input external delay
                  0.04    0.02    4.02 ^ wbs_adr_i[6] (in)
     1    0.00                           wbs_adr_i[6] (net)
                  0.04    0.00    4.02 ^ _17111_/C (sky130_fd_sc_hd__or3_2)
                  0.07    0.12    4.14 ^ _17111_/X (sky130_fd_sc_hd__or3_2)
     3    0.01                           _12748_ (net)
                  0.07    0.00    4.14 ^ _23907_/A (sky130_fd_sc_hd__nor3_2)
                  0.02    0.04    4.18 v _23907_/Y (sky130_fd_sc_hd__nor3_2)
     1    0.00                           _01696_ (net)
                  0.02    0.00    4.18 v _36747_/D (sky130_fd_sc_hd__dfxtp_2)
                                  4.18   data arrival time

                  0.15    0.00    0.00   clock wb_clk_i (rise edge)
                          0.00    0.00   clock network delay (ideal)
                          0.25    0.25   clock uncertainty
                          0.00    0.25   clock reconvergence pessimism
                                  0.25 ^ _36747_/CLK (sky130_fd_sc_hd__dfxtp_2)
                          4.51    4.76   library hold time
                                  4.76   data required time
-----------------------------------------------------------------------------
                                  4.76   data required time
                                 -4.18   data arrival time
-----------------------------------------------------------------------------
                                 -0.58   slack (VIOLATED)


Startpoint: _36105_ (rising edge-triggered flip-flop clocked by wb_clk_i)
Endpoint: la_data_out[110] (output port clocked by wb_clk_i)
Path Group: wb_clk_i
Path Type: max

Fanout     Cap    Slew   Delay    Time   Description
-----------------------------------------------------------------------------
                  0.15    0.00    0.00   clock wb_clk_i (rise edge)
                          0.00    0.00   clock network delay (ideal)
                  0.15    0.00    0.00 ^ _36105_/CLK (sky130_fd_sc_hd__dfxtp_2)
                  1.02    8.19    8.19 ^ _36105_/Q (sky130_fd_sc_hd__dfxtp_2)
    58    0.26                           dtop.u1.genblk1[7].krd.o_encrypt (net)
                  1.02    0.03    8.22 ^ _34241_/S (sky130_fd_sc_hd__mux2_1)
                  0.73    0.82    9.04 ^ _34241_/X (sky130_fd_sc_hd__mux2_1)
     4    0.04                           la_data_out[110] (net)
                  0.73    0.01    9.05 ^ la_data_out[110] (out)
                                  9.05   data arrival time

                  0.15   20.00   20.00   clock wb_clk_i (rise edge)
                          0.00   20.00   clock network delay (ideal)
                         -0.25   19.75   clock uncertainty
                          0.00   19.75   clock reconvergence pessimism
                         -4.00   15.75   output external delay
                                 15.75   data required time
-----------------------------------------------------------------------------
                                 15.75   data required time
                                 -9.05   data arrival time
-----------------------------------------------------------------------------
                                  6.70   slack (MET)


