
===========================================================================
report_checks -unconstrained
============================================================================
Startpoint: wbs_adr_i[21] (input port clocked by wb_clk_i)
Endpoint: _35270_ (rising edge-triggered flip-flop clocked by wb_clk_i)
Path Group: wb_clk_i
Path Type: max

Fanout     Cap    Slew   Delay    Time   Description
-----------------------------------------------------------------------------
                  0.15    0.00    0.00   clock wb_clk_i (rise edge)
                          0.00    0.00   clock network delay (ideal)
                          4.00    4.00 v input external delay
                  0.01    0.01    4.01 v wbs_adr_i[21] (in)
     1    0.00                           wbs_adr_i[21] (net)
                  0.01    0.00    4.01 v input15/A (sky130_fd_sc_hd__clkbuf_1)
                  0.02    0.07    4.08 v input15/X (sky130_fd_sc_hd__clkbuf_1)
     1    0.00                           net15 (net)
                  0.02    0.00    4.08 v _17104_/A (sky130_fd_sc_hd__or4_1)
                  0.07    0.54    4.62 v _17104_/X (sky130_fd_sc_hd__or4_1)
     1    0.00                           _12741_ (net)
                  0.07    0.00    4.62 v _17109_/A (sky130_fd_sc_hd__or4_1)
                  0.07    0.55    5.17 v _17109_/X (sky130_fd_sc_hd__or4_1)
     1    0.00                           _12746_ (net)
                  0.07    0.00    5.17 v _17110_/C (sky130_fd_sc_hd__or3_2)
                  0.09    0.48    5.64 v _17110_/X (sky130_fd_sc_hd__or3_2)
     3    0.01                           _12747_ (net)
                  0.09    0.00    5.64 v _17112_/A (sky130_fd_sc_hd__or3b_4)
                  0.07    0.45    6.09 v _17112_/X (sky130_fd_sc_hd__or3b_4)
     4    0.01                           _12749_ (net)
                  0.07    0.00    6.09 v _33146_/A (sky130_fd_sc_hd__or2_2)
                  0.07    0.35    6.45 v _33146_/X (sky130_fd_sc_hd__or2_2)
     5    0.01                           _12281_ (net)
                  0.07    0.00    6.45 v _33935_/C (sky130_fd_sc_hd__or3_2)
                  0.11    0.51    6.96 v _33935_/X (sky130_fd_sc_hd__or3_2)
     5    0.01                           _12696_ (net)
                  0.11    0.00    6.96 v _33936_/A (sky130_fd_sc_hd__buf_2)
                  0.04    0.18    7.14 v _33936_/X (sky130_fd_sc_hd__buf_2)
     5    0.01                           _12697_ (net)
                  0.04    0.00    7.14 v _33946_/A (sky130_fd_sc_hd__dlymetal6s2s_1)
                  0.07    0.18    7.32 v _33946_/X (sky130_fd_sc_hd__dlymetal6s2s_1)
     5    0.01                           _12702_ (net)
                  0.07    0.00    7.32 v _33948_/A2 (sky130_fd_sc_hd__a22o_1)
                  0.04    0.25    7.57 v _33948_/X (sky130_fd_sc_hd__a22o_1)
     1    0.00                           _00219_ (net)
                  0.04    0.00    7.57 v _35270_/D (sky130_fd_sc_hd__dfxtp_2)
                                  7.57   data arrival time

                  0.15   20.00   20.00   clock wb_clk_i (rise edge)
                          0.00   20.00   clock network delay (ideal)
                         -0.25   19.75   clock uncertainty
                          0.00   19.75   clock reconvergence pessimism
                                 19.75 ^ _35270_/CLK (sky130_fd_sc_hd__dfxtp_2)
                         -0.08   19.67   library setup time
                                 19.67   data required time
-----------------------------------------------------------------------------
                                 19.67   data required time
                                 -7.57   data arrival time
-----------------------------------------------------------------------------
                                 12.10   slack (MET)



===========================================================================
report_checks --slack_max -0.01
============================================================================
No paths found.
