Startpoint: _36383_ (rising edge-triggered flip-flop clocked by wb_clk_i)
Endpoint: _36479_ (rising edge-triggered flip-flop clocked by wb_clk_i)
Path Group: wb_clk_i
Path Type: min

Fanout     Cap    Slew   Delay    Time   Description
-----------------------------------------------------------------------------
                          0.00    0.00   clock wb_clk_i (rise edge)
                          2.38    2.38   clock network delay (propagated)
                  0.05    0.00    2.38 ^ _36383_/CLK (sky130_fd_sc_hd__dfxtp_1)
                  0.03    0.27    2.65 v _36383_/Q (sky130_fd_sc_hd__dfxtp_1)
     1    0.00                           dtop.u1.genblk1[10].rd.o_ciphertext[21] (net)
                  0.03    0.00    2.65 v _27717_/A (sky130_fd_sc_hd__inv_2)
                  0.08    0.07    2.72 ^ _27717_/Y (sky130_fd_sc_hd__inv_2)
     3    0.02                           _07682_ (net)
                  0.08    0.00    2.73 ^ _27718_/B (sky130_fd_sc_hd__nor2_1)
                  0.05    0.06    2.79 v _27718_/Y (sky130_fd_sc_hd__nor2_1)
     1    0.01                           _01428_ (net)
                  0.05    0.00    2.79 v _36479_/D (sky130_fd_sc_hd__dfxtp_1)
                                  2.79   data arrival time

                          0.00    0.00   clock wb_clk_i (rise edge)
                          3.26    3.26   clock network delay (propagated)
                          0.25    3.51   clock uncertainty
                         -0.24    3.27   clock reconvergence pessimism
                                  3.27 ^ _36479_/CLK (sky130_fd_sc_hd__dfxtp_1)
                         -0.05    3.22   library hold time
                                  3.22   data required time
-----------------------------------------------------------------------------
                                  3.22   data required time
                                 -2.79   data arrival time
-----------------------------------------------------------------------------
                                 -0.44   slack (VIOLATED)


Startpoint: _36105_ (rising edge-triggered flip-flop clocked by wb_clk_i)
Endpoint: la_data_out[88] (output port clocked by wb_clk_i)
Path Group: wb_clk_i
Path Type: max

Fanout     Cap    Slew   Delay    Time   Description
-----------------------------------------------------------------------------
                          0.00    0.00   clock wb_clk_i (rise edge)
                          3.08    3.08   clock network delay (propagated)
                  0.07    0.00    3.08 ^ _36105_/CLK (sky130_fd_sc_hd__dfxtp_4)
                  0.97    1.10    4.19 ^ _36105_/Q (sky130_fd_sc_hd__dfxtp_4)
    58    0.35                           dtop.u1.genblk1[7].krd.o_encrypt (net)
                  0.98    0.03    4.22 ^ _34219_/S (sky130_fd_sc_hd__mux2_2)
                  0.11    0.55    4.77 v _34219_/X (sky130_fd_sc_hd__mux2_2)
     4    0.03                           net167 (net)
                  0.11    0.00    4.77 v output167/A (sky130_fd_sc_hd__buf_2)
                  0.09    0.24    5.01 v output167/X (sky130_fd_sc_hd__buf_2)
     1    0.03                           la_data_out[88] (net)
                  0.09    0.00    5.01 v la_data_out[88] (out)
                                  5.01   data arrival time

                         20.00   20.00   clock wb_clk_i (rise edge)
                          0.00   20.00   clock network delay (propagated)
                         -0.25   19.75   clock uncertainty
                          0.00   19.75   clock reconvergence pessimism
                         -4.00   15.75   output external delay
                                 15.75   data required time
-----------------------------------------------------------------------------
                                 15.75   data required time
                                 -5.01   data arrival time
-----------------------------------------------------------------------------
                                 10.74   slack (MET)


