Startpoint: wb_rst_i (input port clocked by wb_clk_i)
Endpoint: _38319_ (removal check against rising-edge clock wb_clk_i)
Path Group: **async_default**
Path Type: min

Fanout     Cap    Slew   Delay    Time   Description
-----------------------------------------------------------------------------
                          0.00    0.00   clock wb_clk_i (rise edge)
                          0.00    0.00   clock network delay (propagated)
                          3.60    3.60 ^ input external delay
                  0.09    0.05    3.65 ^ wb_rst_i (in)
     1    0.01                           wb_rst_i (net)
                  0.09    0.00    3.65 ^ input12/A (sky130_fd_sc_hd__clkbuf_16)
                  0.47    0.24    3.90 ^ input12/X (sky130_fd_sc_hd__clkbuf_16)
    80    0.51                           net12 (net)
                  0.76    0.28    4.17 ^ _38319_/RESET_B (sky130_fd_sc_hd__dfrtp_1)
                                  4.17   data arrival time

                          0.00    0.00   clock wb_clk_i (rise edge)
                          3.23    3.23   clock network delay (propagated)
                          0.25    3.48   clock uncertainty
                          0.00    3.48   clock reconvergence pessimism
                                  3.48 ^ _38319_/CLK (sky130_fd_sc_hd__dfrtp_1)
                          0.51    4.00   library removal time
                                  4.00   data required time
-----------------------------------------------------------------------------
                                  4.00   data required time
                                 -4.17   data arrival time
-----------------------------------------------------------------------------
                                  0.17   slack (MET)


Startpoint: _38600_ (rising edge-triggered flip-flop clocked by wb_clk_i)
Endpoint: _38696_ (rising edge-triggered flip-flop clocked by wb_clk_i)
Path Group: wb_clk_i
Path Type: min

Fanout     Cap    Slew   Delay    Time   Description
-----------------------------------------------------------------------------
                          0.00    0.00   clock wb_clk_i (rise edge)
                          2.21    2.21   clock network delay (propagated)
                  0.51    0.00    2.21 ^ _38600_/CLK (sky130_fd_sc_hd__dfxtp_1)
                  0.10    0.42    2.64 v _38600_/Q (sky130_fd_sc_hd__dfxtp_1)
     1    0.02                           dtop.u1.genblk1[4].rd.o_ciphertext[22] (net)
                  0.10    0.00    2.64 v _19255_/A (sky130_fd_sc_hd__clkinv_2)
                  0.08    0.09    2.73 ^ _19255_/Y (sky130_fd_sc_hd__clkinv_2)
     3    0.02                           _15208_ (net)
                  0.08    0.00    2.73 ^ _19256_/B (sky130_fd_sc_hd__nor2_1)
                  0.04    0.05    2.78 v _19256_/Y (sky130_fd_sc_hd__nor2_1)
     1    0.01                           _02249_ (net)
                  0.04    0.00    2.78 v _38696_/D (sky130_fd_sc_hd__dfxtp_1)
                                  2.78   data arrival time

                          0.00    0.00   clock wb_clk_i (rise edge)
                          3.16    3.16   clock network delay (propagated)
                          0.25    3.41   clock uncertainty
                         -0.18    3.23   clock reconvergence pessimism
                                  3.23 ^ _38696_/CLK (sky130_fd_sc_hd__dfxtp_1)
                         -0.05    3.19   library hold time
                                  3.19   data required time
-----------------------------------------------------------------------------
                                  3.19   data required time
                                 -2.78   data arrival time
-----------------------------------------------------------------------------
                                 -0.41   slack (VIOLATED)


Startpoint: wb_rst_i (input port clocked by wb_clk_i)
Endpoint: _38314_ (recovery check against rising-edge clock wb_clk_i)
Path Group: **async_default**
Path Type: max

Fanout     Cap    Slew   Delay    Time   Description
-----------------------------------------------------------------------------
                          0.00    0.00   clock wb_clk_i (rise edge)
                          0.00    0.00   clock network delay (propagated)
                          3.60    3.60 ^ input external delay
                  0.09    0.07    3.67 ^ wb_rst_i (in)
     1    0.01                           wb_rst_i (net)
                  0.09    0.00    3.67 ^ input12/A (sky130_fd_sc_hd__clkbuf_16)
                  0.47    0.30    3.96 ^ input12/X (sky130_fd_sc_hd__clkbuf_16)
    80    0.51                           net12 (net)
                  0.76    0.34    4.30 ^ _38314_/RESET_B (sky130_fd_sc_hd__dfrtp_4)
                                  4.30   data arrival time

                         18.00   18.00   clock wb_clk_i (rise edge)
                          2.30   20.30   clock network delay (propagated)
                         -0.25   20.05   clock uncertainty
                          0.00   20.05   clock reconvergence pessimism
                                 20.05 ^ _38314_/CLK (sky130_fd_sc_hd__dfrtp_4)
                          0.14   20.19   library recovery time
                                 20.19   data required time
-----------------------------------------------------------------------------
                                 20.19   data required time
                                 -4.30   data arrival time
-----------------------------------------------------------------------------
                                 15.89   slack (MET)


Startpoint: _37640_ (rising edge-triggered flip-flop clocked by wb_clk_i)
Endpoint: la_data_out[106] (output port clocked by wb_clk_i)
Path Group: wb_clk_i
Path Type: max

Fanout     Cap    Slew   Delay    Time   Description
-----------------------------------------------------------------------------
                          0.00    0.00   clock wb_clk_i (rise edge)
                          3.22    3.22   clock network delay (propagated)
                  0.06    0.00    3.22 ^ _37640_/CLK (sky130_fd_sc_hd__dfxtp_4)
                  0.95    1.08    4.30 ^ _37640_/Q (sky130_fd_sc_hd__dfxtp_4)
    58    0.35                           dtop.u1.genblk1[7].krd.o_encrypt (net)
                  0.96    0.03    4.33 ^ _35605_/S (sky130_fd_sc_hd__mux2_2)
                  0.11    0.54    4.87 v _35605_/X (sky130_fd_sc_hd__mux2_2)
     4    0.03                           net133 (net)
                  0.11    0.00    4.88 v output133/A (sky130_fd_sc_hd__buf_2)
                  0.09    0.23    5.11 v output133/X (sky130_fd_sc_hd__buf_2)
     1    0.03                           la_data_out[106] (net)
                  0.09    0.00    5.11 v la_data_out[106] (out)
                                  5.11   data arrival time

                         18.00   18.00   clock wb_clk_i (rise edge)
                          0.00   18.00   clock network delay (propagated)
                         -0.25   17.75   clock uncertainty
                          0.00   17.75   clock reconvergence pessimism
                         -3.60   14.15   output external delay
                                 14.15   data required time
-----------------------------------------------------------------------------
                                 14.15   data required time
                                 -5.11   data arrival time
-----------------------------------------------------------------------------
                                  9.04   slack (MET)


