
===========================================================================
report_checks -unconstrained
============================================================================
Startpoint: wbs_adr_i[21] (input port clocked by wb_clk_i)
Endpoint: _35261_ (rising edge-triggered flip-flop clocked by wb_clk_i)
Path Group: wb_clk_i
Path Type: max

Fanout     Cap    Slew   Delay    Time   Description
-----------------------------------------------------------------------------
                  0.15    0.00    0.00   clock wb_clk_i (rise edge)
                          0.00    0.00   clock network delay (ideal)
                          4.00    4.00 v input external delay
                  0.01    0.01    4.01 v wbs_adr_i[21] (in)
     1    0.00                           wbs_adr_i[21] (net)
                  0.01    0.00    4.01 v _17104_/A (sky130_fd_sc_hd__or4_2)
                  0.09    0.69    4.70 v _17104_/X (sky130_fd_sc_hd__or4_2)
     1    0.00                           _12741_ (net)
                  0.09    0.00    4.70 v _17109_/A (sky130_fd_sc_hd__or4_2)
                  0.09    0.71    5.41 v _17109_/X (sky130_fd_sc_hd__or4_2)
     1    0.00                           _12746_ (net)
                  0.09    0.00    5.41 v _17110_/C (sky130_fd_sc_hd__or3_2)
                  0.09    0.48    5.90 v _17110_/X (sky130_fd_sc_hd__or3_2)
     3    0.01                           _12747_ (net)
                  0.09    0.00    5.90 v _17112_/A (sky130_fd_sc_hd__or3b_2)
                  0.09    0.54    6.44 v _17112_/X (sky130_fd_sc_hd__or3b_2)
     4    0.01                           _12749_ (net)
                  0.09    0.00    6.44 v _33146_/A (sky130_fd_sc_hd__or2_2)
                  0.08    0.37    6.81 v _33146_/X (sky130_fd_sc_hd__or2_2)
     5    0.01                           _12281_ (net)
                  0.08    0.00    6.81 v _33935_/C (sky130_fd_sc_hd__or3_2)
                  0.11    0.51    7.32 v _33935_/X (sky130_fd_sc_hd__or3_2)
     5    0.01                           _12696_ (net)
                  0.11    0.00    7.32 v _33936_/A (sky130_fd_sc_hd__buf_1)
                  0.07    0.17    7.49 v _33936_/X (sky130_fd_sc_hd__buf_1)
     5    0.01                           _12697_ (net)
                  0.07    0.00    7.49 v _33953_/A (sky130_fd_sc_hd__buf_1)
                  0.07    0.15    7.64 v _33953_/X (sky130_fd_sc_hd__buf_1)
     5    0.01                           _12704_ (net)
                  0.07    0.00    7.64 v _33959_/A2 (sky130_fd_sc_hd__a22o_2)
                  0.04    0.28    7.92 v _33959_/X (sky130_fd_sc_hd__a22o_2)
     1    0.00                           _00210_ (net)
                  0.04    0.00    7.92 v _35261_/D (sky130_fd_sc_hd__dfxtp_2)
                                  7.92   data arrival time

                  0.15   20.00   20.00   clock wb_clk_i (rise edge)
                          0.00   20.00   clock network delay (ideal)
                         -0.25   19.75   clock uncertainty
                          0.00   19.75   clock reconvergence pessimism
                                 19.75 ^ _35261_/CLK (sky130_fd_sc_hd__dfxtp_2)
                         -0.08   19.67   library setup time
                                 19.67   data required time
-----------------------------------------------------------------------------
                                 19.67   data required time
                                 -7.92   data arrival time
-----------------------------------------------------------------------------
                                 11.75   slack (MET)



===========================================================================
report_checks --slack_max -0.01
============================================================================
No paths found.
