
===========================================================================
 report_check_types -max_slew -max_cap -max_fanout -violators
============================================================================
max slew

Pin                                    Limit    Slew   Slack
------------------------------------------------------------
_17175_/A1                              1.50    1.99   -0.49 (VIOLATED)
_33069_/A1                              1.50    1.99   -0.49 (VIOLATED)
_33508_/A                               1.50    1.99   -0.49 (VIOLATED)
_34243_/S                               1.50    1.99   -0.49 (VIOLATED)
_34244_/S                               1.50    1.99   -0.49 (VIOLATED)
_34245_/S                               1.50    1.99   -0.49 (VIOLATED)
_34246_/S                               1.50    1.99   -0.49 (VIOLATED)
_34247_/S                               1.50    1.99   -0.49 (VIOLATED)
_34248_/S                               1.50    1.99   -0.49 (VIOLATED)
_34249_/S                               1.50    1.99   -0.49 (VIOLATED)
_34250_/S                               1.50    1.99   -0.49 (VIOLATED)
_34251_/S                               1.50    1.99   -0.49 (VIOLATED)
_34252_/S                               1.50    1.99   -0.49 (VIOLATED)
_34253_/S                               1.50    1.99   -0.49 (VIOLATED)
_34254_/S                               1.50    1.99   -0.49 (VIOLATED)
_34255_/S                               1.50    1.99   -0.49 (VIOLATED)
_34256_/S                               1.50    1.99   -0.49 (VIOLATED)
_34257_/S                               1.50    1.99   -0.49 (VIOLATED)
_34258_/S                               1.50    1.99   -0.49 (VIOLATED)
_34259_/S                               1.50    1.99   -0.49 (VIOLATED)
_34260_/S                               1.50    1.99   -0.49 (VIOLATED)
_34261_/S                               1.50    1.99   -0.49 (VIOLATED)
_34262_/S                               1.50    1.99   -0.49 (VIOLATED)
_34263_/S                               1.50    1.99   -0.49 (VIOLATED)
_34264_/S                               1.50    1.99   -0.49 (VIOLATED)
_34265_/S                               1.50    1.99   -0.49 (VIOLATED)
_34266_/S                               1.50    1.99   -0.49 (VIOLATED)
_34267_/S                               1.50    1.99   -0.49 (VIOLATED)
_34268_/S                               1.50    1.99   -0.49 (VIOLATED)
_34269_/S                               1.50    1.99   -0.49 (VIOLATED)
_34270_/S                               1.50    1.99   -0.49 (VIOLATED)
_34271_/S                               1.50    1.99   -0.49 (VIOLATED)
_34272_/S                               1.50    1.99   -0.49 (VIOLATED)
_34273_/S                               1.50    1.99   -0.49 (VIOLATED)
_34274_/S                               1.50    1.99   -0.49 (VIOLATED)
_34275_/S                               1.50    1.99   -0.49 (VIOLATED)
_34276_/S                               1.50    1.99   -0.49 (VIOLATED)
_34277_/S                               1.50    1.99   -0.49 (VIOLATED)
_34278_/S                               1.50    1.99   -0.49 (VIOLATED)
_34279_/S                               1.50    1.99   -0.49 (VIOLATED)
_34280_/S                               1.50    1.99   -0.49 (VIOLATED)
_34281_/S                               1.50    1.99   -0.49 (VIOLATED)
_34282_/S                               1.50    1.99   -0.49 (VIOLATED)
_34283_/S                               1.50    1.99   -0.49 (VIOLATED)
_34284_/S                               1.50    1.99   -0.49 (VIOLATED)
_34285_/S                               1.50    1.99   -0.49 (VIOLATED)
_34286_/S                               1.50    1.99   -0.49 (VIOLATED)
_34287_/S                               1.50    1.99   -0.49 (VIOLATED)
_34288_/S                               1.50    1.99   -0.49 (VIOLATED)
_34289_/S                               1.50    1.99   -0.49 (VIOLATED)
_34290_/S                               1.50    1.99   -0.49 (VIOLATED)
_34291_/S                               1.50    1.99   -0.49 (VIOLATED)
_34292_/S                               1.50    1.99   -0.49 (VIOLATED)
_34293_/S                               1.50    1.99   -0.49 (VIOLATED)
_34294_/S                               1.50    1.99   -0.49 (VIOLATED)
_34295_/S                               1.50    1.99   -0.49 (VIOLATED)
_34296_/S                               1.50    1.99   -0.49 (VIOLATED)
_34297_/S                               1.50    1.99   -0.49 (VIOLATED)
_34298_/S                               1.50    1.99   -0.49 (VIOLATED)
_34299_/S                               1.50    1.99   -0.49 (VIOLATED)
_34300_/S                               1.50    1.99   -0.49 (VIOLATED)
_34301_/S                               1.50    1.99   -0.49 (VIOLATED)
_34302_/S                               1.50    1.99   -0.49 (VIOLATED)
_35039_/S                               1.50    1.99   -0.49 (VIOLATED)
_35040_/S                               1.50    1.99   -0.49 (VIOLATED)
_35041_/S                               1.50    1.99   -0.49 (VIOLATED)
_35042_/S                               1.50    1.99   -0.49 (VIOLATED)
_35043_/S                               1.50    1.99   -0.49 (VIOLATED)
_35044_/S                               1.50    1.99   -0.49 (VIOLATED)
_35045_/S                               1.50    1.99   -0.49 (VIOLATED)
_35046_/S                               1.50    1.99   -0.49 (VIOLATED)
_35047_/S                               1.50    1.99   -0.49 (VIOLATED)
_35048_/S                               1.50    1.99   -0.49 (VIOLATED)
_35049_/S                               1.50    1.99   -0.49 (VIOLATED)
_35050_/S                               1.50    1.99   -0.49 (VIOLATED)
_35051_/S                               1.50    1.99   -0.49 (VIOLATED)
_35052_/S                               1.50    1.99   -0.49 (VIOLATED)
_35053_/S                               1.50    1.99   -0.49 (VIOLATED)
_35054_/S                               1.50    1.99   -0.49 (VIOLATED)
_35055_/S                               1.50    1.99   -0.49 (VIOLATED)
_35069_/S                               1.50    1.99   -0.49 (VIOLATED)
_35070_/S                               1.50    1.99   -0.49 (VIOLATED)
_35071_/S                               1.50    1.99   -0.49 (VIOLATED)
_35072_/S                               1.50    1.99   -0.49 (VIOLATED)
_35073_/S                               1.50    1.99   -0.49 (VIOLATED)
_35074_/S                               1.50    1.99   -0.49 (VIOLATED)
_35075_/S                               1.50    1.99   -0.49 (VIOLATED)
_35076_/S                               1.50    1.99   -0.49 (VIOLATED)
_35077_/S                               1.50    1.99   -0.49 (VIOLATED)
_35078_/S                               1.50    1.99   -0.49 (VIOLATED)
_35079_/S                               1.50    1.99   -0.49 (VIOLATED)
_35080_/S                               1.50    1.99   -0.49 (VIOLATED)
_35081_/S                               1.50    1.99   -0.49 (VIOLATED)
_35082_/S                               1.50    1.99   -0.49 (VIOLATED)
_35083_/S                               1.50    1.99   -0.49 (VIOLATED)
_35084_/S                               1.50    1.99   -0.49 (VIOLATED)
_35085_/S                               1.50    1.99   -0.49 (VIOLATED)
_35086_/S                               1.50    1.99   -0.49 (VIOLATED)
_35087_/S                               1.50    1.99   -0.49 (VIOLATED)
_35088_/S                               1.50    1.99   -0.49 (VIOLATED)
_35089_/S                               1.50    1.99   -0.49 (VIOLATED)
_35090_/S                               1.50    1.99   -0.49 (VIOLATED)
_35091_/S                               1.50    1.99   -0.49 (VIOLATED)
_35092_/S                               1.50    1.99   -0.49 (VIOLATED)
_35093_/S                               1.50    1.99   -0.49 (VIOLATED)
_35094_/S                               1.50    1.99   -0.49 (VIOLATED)
_35095_/S                               1.50    1.99   -0.49 (VIOLATED)
_35096_/S                               1.50    1.99   -0.49 (VIOLATED)
_35097_/S                               1.50    1.99   -0.49 (VIOLATED)
_35098_/S                               1.50    1.99   -0.49 (VIOLATED)
_35099_/S                               1.50    1.99   -0.49 (VIOLATED)
_35100_/S                               1.50    1.99   -0.49 (VIOLATED)
_35101_/S                               1.50    1.99   -0.49 (VIOLATED)
_35102_/S                               1.50    1.99   -0.49 (VIOLATED)
_35103_/S                               1.50    1.99   -0.49 (VIOLATED)
_37261_/Q                               1.50    1.99   -0.49 (VIOLATED)

max capacitance

Pin                                    Limit     Cap   Slack
------------------------------------------------------------
_37261_/Q                               0.30    0.40   -0.10 (VIOLATED)


===========================================================================
max slew violation count 116
max fanout violation count 0
max cap violation count 1
============================================================================
