
===========================================================================
 report_check_types -max_slew -max_cap -max_fanout -violators
============================================================================
max slew

Pin                                    Limit    Slew   Slack
------------------------------------------------------------
_36768_/CLK                             1.50    2.24   -0.74 (VIOLATED)
_36769_/CLK                             1.50    2.24   -0.74 (VIOLATED)
_36770_/CLK                             1.50    2.24   -0.74 (VIOLATED)
_36771_/CLK                             1.50    2.24   -0.74 (VIOLATED)
_36772_/CLK                             1.50    2.24   -0.74 (VIOLATED)
_36773_/CLK                             1.50    2.24   -0.74 (VIOLATED)
_36774_/CLK                             1.50    2.24   -0.74 (VIOLATED)
_36775_/CLK                             1.50    2.24   -0.74 (VIOLATED)
_36805_/CLK                             1.50    2.24   -0.74 (VIOLATED)
_36806_/CLK                             1.50    2.24   -0.74 (VIOLATED)
_36807_/CLK                             1.50    2.24   -0.74 (VIOLATED)
_36808_/CLK                             1.50    2.24   -0.74 (VIOLATED)
_36809_/CLK                             1.50    2.24   -0.74 (VIOLATED)
_36810_/CLK                             1.50    2.24   -0.74 (VIOLATED)
_36811_/CLK                             1.50    2.24   -0.74 (VIOLATED)
_36812_/CLK                             1.50    2.24   -0.74 (VIOLATED)
_36813_/CLK                             1.50    2.24   -0.74 (VIOLATED)
_36814_/CLK                             1.50    2.24   -0.74 (VIOLATED)
_36815_/CLK                             1.50    2.24   -0.74 (VIOLATED)
_36816_/CLK                             1.50    2.24   -0.74 (VIOLATED)
_36817_/CLK                             1.50    2.24   -0.74 (VIOLATED)
_36818_/CLK                             1.50    2.24   -0.74 (VIOLATED)
_36819_/CLK                             1.50    2.24   -0.74 (VIOLATED)
_36820_/CLK                             1.50    2.24   -0.74 (VIOLATED)
_36821_/CLK                             1.50    2.24   -0.74 (VIOLATED)
_36822_/CLK                             1.50    2.24   -0.74 (VIOLATED)
_36823_/CLK                             1.50    2.24   -0.74 (VIOLATED)
_36824_/CLK                             1.50    2.24   -0.74 (VIOLATED)
_36825_/CLK                             1.50    2.24   -0.74 (VIOLATED)
_36826_/CLK                             1.50    2.24   -0.74 (VIOLATED)
_36827_/CLK                             1.50    2.24   -0.74 (VIOLATED)
_36828_/CLK                             1.50    2.24   -0.74 (VIOLATED)
_36886_/CLK                             1.50    2.24   -0.74 (VIOLATED)
_36887_/CLK                             1.50    2.24   -0.74 (VIOLATED)
_36888_/CLK                             1.50    2.24   -0.74 (VIOLATED)
_36889_/CLK                             1.50    2.24   -0.74 (VIOLATED)
_36890_/CLK                             1.50    2.24   -0.74 (VIOLATED)
_36891_/CLK                             1.50    2.24   -0.74 (VIOLATED)
_36892_/CLK                             1.50    2.24   -0.74 (VIOLATED)
_36893_/CLK                             1.50    2.24   -0.74 (VIOLATED)
_36894_/CLK                             1.50    2.24   -0.74 (VIOLATED)
_36895_/CLK                             1.50    2.24   -0.74 (VIOLATED)
_36896_/CLK                             1.50    2.24   -0.74 (VIOLATED)
_36897_/CLK                             1.50    2.24   -0.74 (VIOLATED)
_36898_/CLK                             1.50    2.24   -0.74 (VIOLATED)
_36899_/CLK                             1.50    2.24   -0.74 (VIOLATED)
_36900_/CLK                             1.50    2.24   -0.74 (VIOLATED)
_36901_/CLK                             1.50    2.24   -0.74 (VIOLATED)
_36902_/CLK                             1.50    2.24   -0.74 (VIOLATED)
_36903_/CLK                             1.50    2.24   -0.74 (VIOLATED)
_36904_/CLK                             1.50    2.24   -0.74 (VIOLATED)
_36905_/CLK                             1.50    2.24   -0.74 (VIOLATED)
_36906_/CLK                             1.50    2.24   -0.74 (VIOLATED)
_36907_/CLK                             1.50    2.24   -0.74 (VIOLATED)
_36908_/CLK                             1.50    2.24   -0.74 (VIOLATED)
_36909_/CLK                             1.50    2.24   -0.74 (VIOLATED)
_36910_/CLK                             1.50    2.24   -0.74 (VIOLATED)
_36911_/CLK                             1.50    2.24   -0.74 (VIOLATED)
_36912_/CLK                             1.50    2.24   -0.74 (VIOLATED)
_36913_/CLK                             1.50    2.24   -0.74 (VIOLATED)
_36914_/CLK                             1.50    2.24   -0.74 (VIOLATED)
_36915_/CLK                             1.50    2.24   -0.74 (VIOLATED)
_36916_/CLK                             1.50    2.24   -0.74 (VIOLATED)
_36917_/CLK                             1.50    2.24   -0.74 (VIOLATED)
_36975_/CLK                             1.50    2.24   -0.74 (VIOLATED)
_36976_/CLK                             1.50    2.24   -0.74 (VIOLATED)
_36977_/CLK                             1.50    2.24   -0.74 (VIOLATED)
_36978_/CLK                             1.50    2.24   -0.74 (VIOLATED)
_36979_/CLK                             1.50    2.24   -0.74 (VIOLATED)
_36980_/CLK                             1.50    2.24   -0.74 (VIOLATED)
_36981_/CLK                             1.50    2.24   -0.74 (VIOLATED)
_36982_/CLK                             1.50    2.24   -0.74 (VIOLATED)
_36983_/CLK                             1.50    2.24   -0.74 (VIOLATED)
_36984_/CLK                             1.50    2.24   -0.74 (VIOLATED)
_36985_/CLK                             1.50    2.24   -0.74 (VIOLATED)
_36986_/CLK                             1.50    2.24   -0.74 (VIOLATED)
_36987_/CLK                             1.50    2.24   -0.74 (VIOLATED)
_36988_/CLK                             1.50    2.24   -0.74 (VIOLATED)
_36989_/CLK                             1.50    2.24   -0.74 (VIOLATED)
_36990_/CLK                             1.50    2.24   -0.74 (VIOLATED)
_36991_/CLK                             1.50    2.24   -0.74 (VIOLATED)
_36992_/CLK                             1.50    2.24   -0.74 (VIOLATED)
_36993_/CLK                             1.50    2.24   -0.74 (VIOLATED)
_36994_/CLK                             1.50    2.24   -0.74 (VIOLATED)
_36995_/CLK                             1.50    2.24   -0.74 (VIOLATED)
_36996_/CLK                             1.50    2.24   -0.74 (VIOLATED)
_36997_/CLK                             1.50    2.24   -0.74 (VIOLATED)
_36998_/CLK                             1.50    2.24   -0.74 (VIOLATED)
_36999_/CLK                             1.50    2.24   -0.74 (VIOLATED)
_37000_/CLK                             1.50    2.24   -0.74 (VIOLATED)
_37001_/CLK                             1.50    2.24   -0.74 (VIOLATED)
_37002_/CLK                             1.50    2.24   -0.74 (VIOLATED)
_37003_/CLK                             1.50    2.24   -0.74 (VIOLATED)
_37004_/CLK                             1.50    2.24   -0.74 (VIOLATED)
_37005_/CLK                             1.50    2.24   -0.74 (VIOLATED)
_37006_/CLK                             1.50    2.24   -0.74 (VIOLATED)
_37064_/CLK                             1.50    2.24   -0.74 (VIOLATED)
_37065_/CLK                             1.50    2.24   -0.74 (VIOLATED)
_37066_/CLK                             1.50    2.24   -0.74 (VIOLATED)
_37067_/CLK                             1.50    2.24   -0.74 (VIOLATED)
_37068_/CLK                             1.50    2.24   -0.74 (VIOLATED)
_37069_/CLK                             1.50    2.24   -0.74 (VIOLATED)
_37070_/CLK                             1.50    2.24   -0.74 (VIOLATED)
_37071_/CLK                             1.50    2.24   -0.74 (VIOLATED)
_37129_/CLK                             1.50    2.24   -0.74 (VIOLATED)
_37130_/CLK                             1.50    2.24   -0.74 (VIOLATED)
_37131_/CLK                             1.50    2.24   -0.74 (VIOLATED)
_37132_/CLK                             1.50    2.24   -0.74 (VIOLATED)
_37133_/CLK                             1.50    2.24   -0.74 (VIOLATED)
_37134_/CLK                             1.50    2.24   -0.74 (VIOLATED)
_37135_/CLK                             1.50    2.24   -0.74 (VIOLATED)
_37136_/CLK                             1.50    2.24   -0.74 (VIOLATED)
_37169_/CLK                             1.50    2.24   -0.74 (VIOLATED)
_37170_/CLK                             1.50    2.24   -0.74 (VIOLATED)
_37171_/CLK                             1.50    2.24   -0.74 (VIOLATED)
_37172_/CLK                             1.50    2.24   -0.74 (VIOLATED)
_37173_/CLK                             1.50    2.24   -0.74 (VIOLATED)
_37174_/CLK                             1.50    2.24   -0.74 (VIOLATED)
_37175_/CLK                             1.50    2.24   -0.74 (VIOLATED)
_37176_/CLK                             1.50    2.24   -0.74 (VIOLATED)
_37547_/CLK                             1.50    2.24   -0.74 (VIOLATED)
_37548_/CLK                             1.50    2.24   -0.74 (VIOLATED)
_37549_/CLK                             1.50    2.24   -0.74 (VIOLATED)
_37550_/CLK                             1.50    2.24   -0.74 (VIOLATED)
_37551_/CLK                             1.50    2.24   -0.74 (VIOLATED)
_37552_/CLK                             1.50    2.24   -0.74 (VIOLATED)
_37553_/CLK                             1.50    2.24   -0.74 (VIOLATED)
_37554_/CLK                             1.50    2.24   -0.74 (VIOLATED)
_38281_/CLK                             1.50    2.24   -0.74 (VIOLATED)
_38282_/CLK                             1.50    2.24   -0.74 (VIOLATED)
_38283_/CLK                             1.50    2.24   -0.74 (VIOLATED)
_38284_/CLK                             1.50    2.24   -0.74 (VIOLATED)
_38285_/CLK                             1.50    2.24   -0.74 (VIOLATED)
_38286_/CLK                             1.50    2.24   -0.74 (VIOLATED)
_38287_/CLK                             1.50    2.24   -0.74 (VIOLATED)
_38288_/CLK                             1.50    2.24   -0.74 (VIOLATED)
_38289_/CLK                             1.50    2.24   -0.74 (VIOLATED)
_38290_/CLK                             1.50    2.24   -0.74 (VIOLATED)
_38301_/CLK                             1.50    2.24   -0.74 (VIOLATED)
_38302_/CLK                             1.50    2.24   -0.74 (VIOLATED)
_38303_/CLK                             1.50    2.24   -0.74 (VIOLATED)
_38304_/CLK                             1.50    2.24   -0.74 (VIOLATED)
_38305_/CLK                             1.50    2.24   -0.74 (VIOLATED)
_38306_/CLK                             1.50    2.24   -0.74 (VIOLATED)
_38307_/CLK                             1.50    2.24   -0.74 (VIOLATED)
_38308_/CLK                             1.50    2.24   -0.74 (VIOLATED)
_38309_/CLK                             1.50    2.24   -0.74 (VIOLATED)
_38310_/CLK                             1.50    2.24   -0.74 (VIOLATED)
_18024_/A1                              1.50    1.99   -0.49 (VIOLATED)
_34143_/A1                              1.50    1.99   -0.49 (VIOLATED)
_34596_/A                               1.50    1.99   -0.49 (VIOLATED)
_35637_/S                               1.50    1.99   -0.49 (VIOLATED)
_35638_/S                               1.50    1.99   -0.49 (VIOLATED)
_35639_/S                               1.50    1.99   -0.49 (VIOLATED)
_35640_/S                               1.50    1.99   -0.49 (VIOLATED)
_35641_/S                               1.50    1.99   -0.49 (VIOLATED)
_35642_/S                               1.50    1.99   -0.49 (VIOLATED)
_35643_/S                               1.50    1.99   -0.49 (VIOLATED)
_35644_/S                               1.50    1.99   -0.49 (VIOLATED)
_35645_/S                               1.50    1.99   -0.49 (VIOLATED)
_35646_/S                               1.50    1.99   -0.49 (VIOLATED)
_35647_/S                               1.50    1.99   -0.49 (VIOLATED)
_35648_/S                               1.50    1.99   -0.49 (VIOLATED)
_35649_/S                               1.50    1.99   -0.49 (VIOLATED)
_35650_/S                               1.50    1.99   -0.49 (VIOLATED)
_35651_/S                               1.50    1.99   -0.49 (VIOLATED)
_35652_/S                               1.50    1.99   -0.49 (VIOLATED)
_35653_/S                               1.50    1.99   -0.49 (VIOLATED)
_35654_/S                               1.50    1.99   -0.49 (VIOLATED)
_35655_/S                               1.50    1.99   -0.49 (VIOLATED)
_35656_/S                               1.50    1.99   -0.49 (VIOLATED)
_35657_/S                               1.50    1.99   -0.49 (VIOLATED)
_35658_/S                               1.50    1.99   -0.49 (VIOLATED)
_35659_/S                               1.50    1.99   -0.49 (VIOLATED)
_35660_/S                               1.50    1.99   -0.49 (VIOLATED)
_35661_/S                               1.50    1.99   -0.49 (VIOLATED)
_35662_/S                               1.50    1.99   -0.49 (VIOLATED)
_35663_/S                               1.50    1.99   -0.49 (VIOLATED)
_35664_/S                               1.50    1.99   -0.49 (VIOLATED)
_35665_/S                               1.50    1.99   -0.49 (VIOLATED)
_35666_/S                               1.50    1.99   -0.49 (VIOLATED)
_35667_/S                               1.50    1.99   -0.49 (VIOLATED)
_35668_/S                               1.50    1.99   -0.49 (VIOLATED)
_35669_/S                               1.50    1.99   -0.49 (VIOLATED)
_35670_/S                               1.50    1.99   -0.49 (VIOLATED)
_35671_/S                               1.50    1.99   -0.49 (VIOLATED)
_35672_/S                               1.50    1.99   -0.49 (VIOLATED)
_35673_/S                               1.50    1.99   -0.49 (VIOLATED)
_35674_/S                               1.50    1.99   -0.49 (VIOLATED)
_35675_/S                               1.50    1.99   -0.49 (VIOLATED)
_35676_/S                               1.50    1.99   -0.49 (VIOLATED)
_35677_/S                               1.50    1.99   -0.49 (VIOLATED)
_35678_/S                               1.50    1.99   -0.49 (VIOLATED)
_35679_/S                               1.50    1.99   -0.49 (VIOLATED)
_35680_/S                               1.50    1.99   -0.49 (VIOLATED)
_35681_/S                               1.50    1.99   -0.49 (VIOLATED)
_35682_/S                               1.50    1.99   -0.49 (VIOLATED)
_35683_/S                               1.50    1.99   -0.49 (VIOLATED)
_35684_/S                               1.50    1.99   -0.49 (VIOLATED)
_35685_/S                               1.50    1.99   -0.49 (VIOLATED)
_35686_/S                               1.50    1.99   -0.49 (VIOLATED)
_35687_/S                               1.50    1.99   -0.49 (VIOLATED)
_35688_/S                               1.50    1.99   -0.49 (VIOLATED)
_35689_/S                               1.50    1.99   -0.49 (VIOLATED)
_35690_/S                               1.50    1.99   -0.49 (VIOLATED)
_35691_/S                               1.50    1.99   -0.49 (VIOLATED)
_35692_/S                               1.50    1.99   -0.49 (VIOLATED)
_35693_/S                               1.50    1.99   -0.49 (VIOLATED)
_35694_/S                               1.50    1.99   -0.49 (VIOLATED)
_35695_/S                               1.50    1.99   -0.49 (VIOLATED)
_35696_/S                               1.50    1.99   -0.49 (VIOLATED)
_36445_/S                               1.50    1.99   -0.49 (VIOLATED)
_36446_/S                               1.50    1.99   -0.49 (VIOLATED)
_36447_/S                               1.50    1.99   -0.49 (VIOLATED)
_36448_/S                               1.50    1.99   -0.49 (VIOLATED)
_36449_/S                               1.50    1.99   -0.49 (VIOLATED)
_36450_/S                               1.50    1.99   -0.49 (VIOLATED)
_36451_/S                               1.50    1.99   -0.49 (VIOLATED)
_36452_/S                               1.50    1.99   -0.49 (VIOLATED)
_36453_/S                               1.50    1.99   -0.49 (VIOLATED)
_36454_/S                               1.50    1.99   -0.49 (VIOLATED)
_36455_/S                               1.50    1.99   -0.49 (VIOLATED)
_36456_/S                               1.50    1.99   -0.49 (VIOLATED)
_36457_/S                               1.50    1.99   -0.49 (VIOLATED)
_36458_/S                               1.50    1.99   -0.49 (VIOLATED)
_36459_/S                               1.50    1.99   -0.49 (VIOLATED)
_36473_/S                               1.50    1.99   -0.49 (VIOLATED)
_36474_/S                               1.50    1.99   -0.49 (VIOLATED)
_36475_/S                               1.50    1.99   -0.49 (VIOLATED)
_36476_/S                               1.50    1.99   -0.49 (VIOLATED)
_36477_/S                               1.50    1.99   -0.49 (VIOLATED)
_36478_/S                               1.50    1.99   -0.49 (VIOLATED)
_36479_/S                               1.50    1.99   -0.49 (VIOLATED)
_36480_/S                               1.50    1.99   -0.49 (VIOLATED)
_36481_/S                               1.50    1.99   -0.49 (VIOLATED)
_36482_/S                               1.50    1.99   -0.49 (VIOLATED)
_36483_/S                               1.50    1.99   -0.49 (VIOLATED)
_36484_/S                               1.50    1.99   -0.49 (VIOLATED)
_36485_/S                               1.50    1.99   -0.49 (VIOLATED)
_36486_/S                               1.50    1.99   -0.49 (VIOLATED)
_36487_/S                               1.50    1.99   -0.49 (VIOLATED)
_36488_/S                               1.50    1.99   -0.49 (VIOLATED)
_36489_/S                               1.50    1.99   -0.49 (VIOLATED)
_36490_/S                               1.50    1.99   -0.49 (VIOLATED)
_36491_/S                               1.50    1.99   -0.49 (VIOLATED)
_36492_/S                               1.50    1.99   -0.49 (VIOLATED)
_36493_/S                               1.50    1.99   -0.49 (VIOLATED)
_36494_/S                               1.50    1.99   -0.49 (VIOLATED)
_36495_/S                               1.50    1.99   -0.49 (VIOLATED)
_36496_/S                               1.50    1.99   -0.49 (VIOLATED)
_36497_/S                               1.50    1.99   -0.49 (VIOLATED)
_36498_/S                               1.50    1.99   -0.49 (VIOLATED)
_36499_/S                               1.50    1.99   -0.49 (VIOLATED)
_36500_/S                               1.50    1.99   -0.49 (VIOLATED)
_36501_/S                               1.50    1.99   -0.49 (VIOLATED)
_36502_/S                               1.50    1.99   -0.49 (VIOLATED)
_36503_/S                               1.50    1.99   -0.49 (VIOLATED)
_36504_/S                               1.50    1.99   -0.49 (VIOLATED)
_36505_/S                               1.50    1.99   -0.49 (VIOLATED)
_36506_/S                               1.50    1.99   -0.49 (VIOLATED)
_36507_/S                               1.50    1.99   -0.49 (VIOLATED)
_36508_/S                               1.50    1.99   -0.49 (VIOLATED)
_36509_/S                               1.50    1.99   -0.49 (VIOLATED)
_38900_/Q                               1.50    1.99   -0.49 (VIOLATED)
_17841_/A2                              1.50    1.86   -0.36 (VIOLATED)
_17842_/A2                              1.50    1.86   -0.36 (VIOLATED)
_17843_/A2                              1.50    1.86   -0.36 (VIOLATED)
_17844_/A2                              1.50    1.86   -0.36 (VIOLATED)
_35611_/S                               1.50    1.86   -0.36 (VIOLATED)
_35612_/S                               1.50    1.86   -0.36 (VIOLATED)
_35613_/S                               1.50    1.86   -0.36 (VIOLATED)
_35614_/S                               1.50    1.86   -0.36 (VIOLATED)
_35615_/S                               1.50    1.86   -0.36 (VIOLATED)
_35616_/S                               1.50    1.86   -0.36 (VIOLATED)
_35617_/S                               1.50    1.86   -0.36 (VIOLATED)
_35618_/S                               1.50    1.86   -0.36 (VIOLATED)
_35619_/S                               1.50    1.86   -0.36 (VIOLATED)
_35620_/S                               1.50    1.86   -0.36 (VIOLATED)
_35621_/S                               1.50    1.86   -0.36 (VIOLATED)
_35622_/S                               1.50    1.86   -0.36 (VIOLATED)
_35623_/S                               1.50    1.86   -0.36 (VIOLATED)
_35624_/S                               1.50    1.86   -0.36 (VIOLATED)
_35625_/S                               1.50    1.86   -0.36 (VIOLATED)
_35626_/S                               1.50    1.86   -0.36 (VIOLATED)
_35627_/S                               1.50    1.86   -0.36 (VIOLATED)
_35628_/S                               1.50    1.86   -0.36 (VIOLATED)
_35629_/S                               1.50    1.86   -0.36 (VIOLATED)
_35630_/S                               1.50    1.86   -0.36 (VIOLATED)
_35631_/S                               1.50    1.86   -0.36 (VIOLATED)
_35632_/S                               1.50    1.86   -0.36 (VIOLATED)
_35633_/S                               1.50    1.86   -0.36 (VIOLATED)
_35634_/S                               1.50    1.86   -0.36 (VIOLATED)
_35635_/S                               1.50    1.86   -0.36 (VIOLATED)
_35636_/S                               1.50    1.86   -0.36 (VIOLATED)
_36433_/S                               1.50    1.86   -0.36 (VIOLATED)
_36434_/S                               1.50    1.86   -0.36 (VIOLATED)
_36435_/S                               1.50    1.86   -0.36 (VIOLATED)
_36436_/S                               1.50    1.86   -0.36 (VIOLATED)
_36437_/S                               1.50    1.86   -0.36 (VIOLATED)
_36438_/S                               1.50    1.86   -0.36 (VIOLATED)
_36439_/S                               1.50    1.86   -0.36 (VIOLATED)
_36440_/S                               1.50    1.86   -0.36 (VIOLATED)
_36441_/S                               1.50    1.86   -0.36 (VIOLATED)
_36442_/S                               1.50    1.86   -0.36 (VIOLATED)
_36443_/S                               1.50    1.86   -0.36 (VIOLATED)
_36444_/S                               1.50    1.86   -0.36 (VIOLATED)
_36468_/S                               1.50    1.86   -0.36 (VIOLATED)
_36469_/S                               1.50    1.86   -0.36 (VIOLATED)
_36470_/S                               1.50    1.86   -0.36 (VIOLATED)
_36471_/S                               1.50    1.86   -0.36 (VIOLATED)
_36472_/S                               1.50    1.86   -0.36 (VIOLATED)
_17830_/X                               1.51    1.86   -0.35 (VIOLATED)
_17836_/A                               1.50    1.77   -0.27 (VIOLATED)
_24900_/C                               1.50    1.77   -0.27 (VIOLATED)
_35215_/A                               1.50    1.77   -0.27 (VIOLATED)
_35526_/A                               1.50    1.77   -0.27 (VIOLATED)
_35527_/A                               1.50    1.77   -0.27 (VIOLATED)
_35528_/A                               1.50    1.77   -0.27 (VIOLATED)
_35529_/A                               1.50    1.77   -0.27 (VIOLATED)
_35530_/A                               1.50    1.77   -0.27 (VIOLATED)
_35531_/A                               1.50    1.77   -0.27 (VIOLATED)
_35532_/A                               1.50    1.77   -0.27 (VIOLATED)
_35533_/A                               1.50    1.77   -0.27 (VIOLATED)
_35534_/A                               1.50    1.77   -0.27 (VIOLATED)
_35535_/A                               1.50    1.77   -0.27 (VIOLATED)
_35536_/A                               1.50    1.77   -0.27 (VIOLATED)
_35537_/A                               1.50    1.77   -0.27 (VIOLATED)
_35538_/A                               1.50    1.77   -0.27 (VIOLATED)
_35539_/A                               1.50    1.77   -0.27 (VIOLATED)
_35540_/A                               1.50    1.77   -0.27 (VIOLATED)
_35541_/A                               1.50    1.77   -0.27 (VIOLATED)
_35542_/A                               1.50    1.77   -0.27 (VIOLATED)
_35543_/A                               1.50    1.77   -0.27 (VIOLATED)
_35544_/A                               1.50    1.77   -0.27 (VIOLATED)
_35545_/A                               1.50    1.77   -0.27 (VIOLATED)
_35546_/A                               1.50    1.77   -0.27 (VIOLATED)
_35547_/A                               1.50    1.77   -0.27 (VIOLATED)
_35548_/A                               1.50    1.77   -0.27 (VIOLATED)
_35549_/A                               1.50    1.77   -0.27 (VIOLATED)
_35550_/A                               1.50    1.77   -0.27 (VIOLATED)
_35551_/A                               1.50    1.77   -0.27 (VIOLATED)
_35552_/A                               1.50    1.77   -0.27 (VIOLATED)
_35553_/A                               1.50    1.77   -0.27 (VIOLATED)
_35554_/A                               1.50    1.77   -0.27 (VIOLATED)
_35555_/A                               1.50    1.77   -0.27 (VIOLATED)
_35556_/A                               1.50    1.77   -0.27 (VIOLATED)
_35557_/A                               1.50    1.77   -0.27 (VIOLATED)
_35558_/A                               1.50    1.77   -0.27 (VIOLATED)
_35559_/A                               1.50    1.77   -0.27 (VIOLATED)
_35560_/A                               1.50    1.77   -0.27 (VIOLATED)
_35561_/A                               1.50    1.77   -0.27 (VIOLATED)
_35562_/A                               1.50    1.77   -0.27 (VIOLATED)
_38281_/RESET_B                         1.50    1.77   -0.27 (VIOLATED)
_38282_/RESET_B                         1.50    1.77   -0.27 (VIOLATED)
_38283_/RESET_B                         1.50    1.77   -0.27 (VIOLATED)
_38284_/RESET_B                         1.50    1.77   -0.27 (VIOLATED)
_38285_/RESET_B                         1.50    1.77   -0.27 (VIOLATED)
_38286_/RESET_B                         1.50    1.77   -0.27 (VIOLATED)
_38287_/RESET_B                         1.50    1.77   -0.27 (VIOLATED)
_38288_/RESET_B                         1.50    1.77   -0.27 (VIOLATED)
_38289_/RESET_B                         1.50    1.77   -0.27 (VIOLATED)
_38290_/RESET_B                         1.50    1.77   -0.27 (VIOLATED)
_38291_/RESET_B                         1.50    1.77   -0.27 (VIOLATED)
_38292_/RESET_B                         1.50    1.77   -0.27 (VIOLATED)
_38293_/RESET_B                         1.50    1.77   -0.27 (VIOLATED)
_38294_/RESET_B                         1.50    1.77   -0.27 (VIOLATED)
_38295_/RESET_B                         1.50    1.77   -0.27 (VIOLATED)
_38296_/RESET_B                         1.50    1.77   -0.27 (VIOLATED)
_38297_/RESET_B                         1.50    1.77   -0.27 (VIOLATED)
_38298_/RESET_B                         1.50    1.77   -0.27 (VIOLATED)
_38299_/RESET_B                         1.50    1.77   -0.27 (VIOLATED)
_38300_/RESET_B                         1.50    1.77   -0.27 (VIOLATED)
_38301_/RESET_B                         1.50    1.77   -0.27 (VIOLATED)
_38302_/RESET_B                         1.50    1.77   -0.27 (VIOLATED)
_38303_/RESET_B                         1.50    1.77   -0.27 (VIOLATED)
_38304_/RESET_B                         1.50    1.77   -0.27 (VIOLATED)
_38305_/RESET_B                         1.50    1.77   -0.27 (VIOLATED)
_38306_/RESET_B                         1.50    1.77   -0.27 (VIOLATED)
_38307_/RESET_B                         1.50    1.77   -0.27 (VIOLATED)
_38308_/RESET_B                         1.50    1.77   -0.27 (VIOLATED)
_38309_/RESET_B                         1.50    1.77   -0.27 (VIOLATED)
_38310_/RESET_B                         1.50    1.77   -0.27 (VIOLATED)
_38311_/RESET_B                         1.50    1.77   -0.27 (VIOLATED)
_38312_/RESET_B                         1.50    1.77   -0.27 (VIOLATED)
_38313_/RESET_B                         1.50    1.77   -0.27 (VIOLATED)
_38314_/RESET_B                         1.50    1.77   -0.27 (VIOLATED)
_38315_/RESET_B                         1.50    1.77   -0.27 (VIOLATED)
_38316_/RESET_B                         1.50    1.77   -0.27 (VIOLATED)
_38317_/RESET_B                         1.50    1.77   -0.27 (VIOLATED)
_38318_/RESET_B                         1.50    1.77   -0.27 (VIOLATED)
_38319_/RESET_B                         1.50    1.77   -0.27 (VIOLATED)
_38320_/SET_B                           1.50    1.77   -0.27 (VIOLATED)

max capacitance

Pin                                    Limit     Cap   Slack
------------------------------------------------------------
_38900_/Q                               0.30    0.40   -0.10 (VIOLATED)
_17830_/X                               0.13    0.16   -0.03 (VIOLATED)


===========================================================================
max slew violation count 392
max fanout violation count 0
max cap violation count 2
============================================================================
