
===========================================================================
report_checks -path_delay min (Hold)
============================================================================
Startpoint: _37133_ (rising edge-triggered flip-flop clocked by wb_clk_i)
Endpoint: _36203_ (rising edge-triggered flip-flop clocked by wb_clk_i)
Path Group: wb_clk_i
Path Type: min

Fanout     Cap    Slew   Delay    Time   Description
-----------------------------------------------------------------------------
                  0.15    0.00    0.00   clock wb_clk_i (rise edge)
                          0.00    0.00   clock network delay (ideal)
                  0.15    0.00    0.00 ^ _37133_/CLK (sky130_fd_sc_hd__dfxtp_2)
                  0.03    0.31    0.31 v _37133_/Q (sky130_fd_sc_hd__dfxtp_2)
     1    0.00                           dtop.u1.genblk1[6].rd.o_ciphertext[1] (net)
                  0.03    0.00    0.31 v _31577_/A (sky130_fd_sc_hd__inv_2)
                  0.04    0.05    0.35 ^ _31577_/Y (sky130_fd_sc_hd__inv_2)
     3    0.01                           _11266_ (net)
                  0.04    0.00    0.35 ^ _31578_/B (sky130_fd_sc_hd__nor2_2)
                  0.01    0.02    0.38 v _31578_/Y (sky130_fd_sc_hd__nor2_2)
     1    0.00                           _01152_ (net)
                  0.01    0.00    0.38 v _36203_/D (sky130_fd_sc_hd__dfxtp_2)
                                  0.38   data arrival time

                  0.15    0.00    0.00   clock wb_clk_i (rise edge)
                          0.00    0.00   clock network delay (ideal)
                          0.25    0.25   clock uncertainty
                          0.00    0.25   clock reconvergence pessimism
                                  0.25 ^ _36203_/CLK (sky130_fd_sc_hd__dfxtp_2)
                         -0.01    0.24   library hold time
                                  0.24   data required time
-----------------------------------------------------------------------------
                                  0.24   data required time
                                 -0.38   data arrival time
-----------------------------------------------------------------------------
                                  0.14   slack (MET)


Startpoint: _37134_ (rising edge-triggered flip-flop clocked by wb_clk_i)
Endpoint: _36204_ (rising edge-triggered flip-flop clocked by wb_clk_i)
Path Group: wb_clk_i
Path Type: min

Fanout     Cap    Slew   Delay    Time   Description
-----------------------------------------------------------------------------
                  0.15    0.00    0.00   clock wb_clk_i (rise edge)
                          0.00    0.00   clock network delay (ideal)
                  0.15    0.00    0.00 ^ _37134_/CLK (sky130_fd_sc_hd__dfxtp_2)
                  0.03    0.31    0.31 v _37134_/Q (sky130_fd_sc_hd__dfxtp_2)
     1    0.00                           dtop.u1.genblk1[6].rd.o_ciphertext[2] (net)
                  0.03    0.00    0.31 v _31573_/A (sky130_fd_sc_hd__inv_2)
                  0.04    0.05    0.35 ^ _31573_/Y (sky130_fd_sc_hd__inv_2)
     3    0.01                           _11263_ (net)
                  0.04    0.00    0.35 ^ _31574_/B (sky130_fd_sc_hd__nor2_2)
                  0.01    0.02    0.38 v _31574_/Y (sky130_fd_sc_hd__nor2_2)
     1    0.00                           _01153_ (net)
                  0.01    0.00    0.38 v _36204_/D (sky130_fd_sc_hd__dfxtp_2)
                                  0.38   data arrival time

                  0.15    0.00    0.00   clock wb_clk_i (rise edge)
                          0.00    0.00   clock network delay (ideal)
                          0.25    0.25   clock uncertainty
                          0.00    0.25   clock reconvergence pessimism
                                  0.25 ^ _36204_/CLK (sky130_fd_sc_hd__dfxtp_2)
                         -0.01    0.24   library hold time
                                  0.24   data required time
-----------------------------------------------------------------------------
                                  0.24   data required time
                                 -0.38   data arrival time
-----------------------------------------------------------------------------
                                  0.14   slack (MET)


Startpoint: _37137_ (rising edge-triggered flip-flop clocked by wb_clk_i)
Endpoint: _36207_ (rising edge-triggered flip-flop clocked by wb_clk_i)
Path Group: wb_clk_i
Path Type: min

Fanout     Cap    Slew   Delay    Time   Description
-----------------------------------------------------------------------------
                  0.15    0.00    0.00   clock wb_clk_i (rise edge)
                          0.00    0.00   clock network delay (ideal)
                  0.15    0.00    0.00 ^ _37137_/CLK (sky130_fd_sc_hd__dfxtp_2)
                  0.03    0.31    0.31 v _37137_/Q (sky130_fd_sc_hd__dfxtp_2)
     1    0.00                           dtop.u1.genblk1[6].rd.o_ciphertext[5] (net)
                  0.03    0.00    0.31 v _31567_/A (sky130_fd_sc_hd__inv_2)
                  0.04    0.05    0.35 ^ _31567_/Y (sky130_fd_sc_hd__inv_2)
     3    0.01                           _11260_ (net)
                  0.04    0.00    0.35 ^ _31568_/B (sky130_fd_sc_hd__nor2_2)
                  0.01    0.02    0.38 v _31568_/Y (sky130_fd_sc_hd__nor2_2)
     1    0.00                           _01156_ (net)
                  0.01    0.00    0.38 v _36207_/D (sky130_fd_sc_hd__dfxtp_2)
                                  0.38   data arrival time

                  0.15    0.00    0.00   clock wb_clk_i (rise edge)
                          0.00    0.00   clock network delay (ideal)
                          0.25    0.25   clock uncertainty
                          0.00    0.25   clock reconvergence pessimism
                                  0.25 ^ _36207_/CLK (sky130_fd_sc_hd__dfxtp_2)
                         -0.01    0.24   library hold time
                                  0.24   data required time
-----------------------------------------------------------------------------
                                  0.24   data required time
                                 -0.38   data arrival time
-----------------------------------------------------------------------------
                                  0.14   slack (MET)


Startpoint: _37138_ (rising edge-triggered flip-flop clocked by wb_clk_i)
Endpoint: _36208_ (rising edge-triggered flip-flop clocked by wb_clk_i)
Path Group: wb_clk_i
Path Type: min

Fanout     Cap    Slew   Delay    Time   Description
-----------------------------------------------------------------------------
                  0.15    0.00    0.00   clock wb_clk_i (rise edge)
                          0.00    0.00   clock network delay (ideal)
                  0.15    0.00    0.00 ^ _37138_/CLK (sky130_fd_sc_hd__dfxtp_2)
                  0.03    0.31    0.31 v _37138_/Q (sky130_fd_sc_hd__dfxtp_2)
     1    0.00                           dtop.u1.genblk1[6].rd.o_ciphertext[6] (net)
                  0.03    0.00    0.31 v _31565_/A (sky130_fd_sc_hd__inv_2)
                  0.04    0.05    0.35 ^ _31565_/Y (sky130_fd_sc_hd__inv_2)
     3    0.01                           _11259_ (net)
                  0.04    0.00    0.35 ^ _31566_/B (sky130_fd_sc_hd__nor2_2)
                  0.01    0.02    0.38 v _31566_/Y (sky130_fd_sc_hd__nor2_2)
     1    0.00                           _01157_ (net)
                  0.01    0.00    0.38 v _36208_/D (sky130_fd_sc_hd__dfxtp_2)
                                  0.38   data arrival time

                  0.15    0.00    0.00   clock wb_clk_i (rise edge)
                          0.00    0.00   clock network delay (ideal)
                          0.25    0.25   clock uncertainty
                          0.00    0.25   clock reconvergence pessimism
                                  0.25 ^ _36208_/CLK (sky130_fd_sc_hd__dfxtp_2)
                         -0.01    0.24   library hold time
                                  0.24   data required time
-----------------------------------------------------------------------------
                                  0.24   data required time
                                 -0.38   data arrival time
-----------------------------------------------------------------------------
                                  0.14   slack (MET)


Startpoint: _37141_ (rising edge-triggered flip-flop clocked by wb_clk_i)
Endpoint: _36211_ (rising edge-triggered flip-flop clocked by wb_clk_i)
Path Group: wb_clk_i
Path Type: min

Fanout     Cap    Slew   Delay    Time   Description
-----------------------------------------------------------------------------
                  0.15    0.00    0.00   clock wb_clk_i (rise edge)
                          0.00    0.00   clock network delay (ideal)
                  0.15    0.00    0.00 ^ _37141_/CLK (sky130_fd_sc_hd__dfxtp_2)
                  0.03    0.31    0.31 v _37141_/Q (sky130_fd_sc_hd__dfxtp_2)
     1    0.00                           dtop.u1.genblk1[6].rd.o_ciphertext[9] (net)
                  0.03    0.00    0.31 v _31558_/A (sky130_fd_sc_hd__inv_2)
                  0.04    0.05    0.35 ^ _31558_/Y (sky130_fd_sc_hd__inv_2)
     3    0.01                           _11255_ (net)
                  0.04    0.00    0.35 ^ _31559_/B (sky130_fd_sc_hd__nor2_2)
                  0.01    0.02    0.38 v _31559_/Y (sky130_fd_sc_hd__nor2_2)
     1    0.00                           _01160_ (net)
                  0.01    0.00    0.38 v _36211_/D (sky130_fd_sc_hd__dfxtp_2)
                                  0.38   data arrival time

                  0.15    0.00    0.00   clock wb_clk_i (rise edge)
                          0.00    0.00   clock network delay (ideal)
                          0.25    0.25   clock uncertainty
                          0.00    0.25   clock reconvergence pessimism
                                  0.25 ^ _36211_/CLK (sky130_fd_sc_hd__dfxtp_2)
                         -0.01    0.24   library hold time
                                  0.24   data required time
-----------------------------------------------------------------------------
                                  0.24   data required time
                                 -0.38   data arrival time
-----------------------------------------------------------------------------
                                  0.14   slack (MET)


