
55. Printing statistics.

=== user_proj_example ===

   Number of wires:              19967
   Number of wire bits:          20557
   Number of public wires:        2865
   Number of public wire bits:    3455
   Number of memories:               0
   Number of memory bits:            0
   Number of processes:              0
   Number of cells:              20190
     sky130_fd_sc_hd__a21o_2       224
     sky130_fd_sc_hd__a21oi_2       96
     sky130_fd_sc_hd__a22o_2        96
     sky130_fd_sc_hd__a2bb2o_2     768
     sky130_fd_sc_hd__a41o_2        16
     sky130_fd_sc_hd__and2_2       641
     sky130_fd_sc_hd__and3b_2       16
     sky130_fd_sc_hd__buf_1       1508
     sky130_fd_sc_hd__conb_1        95
     sky130_fd_sc_hd__dfxtp_2     2153
     sky130_fd_sc_hd__inv_2       2311
     sky130_fd_sc_hd__mux2_1       944
     sky130_fd_sc_hd__nand2_2      466
     sky130_fd_sc_hd__nor2_2      1424
     sky130_fd_sc_hd__nor3_2         1
     sky130_fd_sc_hd__nor4_2        64
     sky130_fd_sc_hd__o2111ai_2     32
     sky130_fd_sc_hd__o211a_2      514
     sky130_fd_sc_hd__o211ai_2     176
     sky130_fd_sc_hd__o21a_2       192
     sky130_fd_sc_hd__o21ai_2       96
     sky130_fd_sc_hd__o21bai_2      16
     sky130_fd_sc_hd__o221a_2      366
     sky130_fd_sc_hd__o221ai_2     864
     sky130_fd_sc_hd__o22a_2      1655
     sky130_fd_sc_hd__o22ai_2      368
     sky130_fd_sc_hd__o31a_2        16
     sky130_fd_sc_hd__o32a_2        17
     sky130_fd_sc_hd__or2_2       4027
     sky130_fd_sc_hd__or2b_2        48
     sky130_fd_sc_hd__or3_2        282
     sky130_fd_sc_hd__or3b_2        83
     sky130_fd_sc_hd__or4_2        406
     sky130_fd_sc_hd__or4b_2       193
     sky130_fd_sc_hd__or4bb_2       16

   Chip area for module '\user_proj_example': 184607.052800

